Component: ARM Compiler 5.06 update 6 (build 750) Tool: armlink [4d35ed]

==============================================================================

Section Cross References

    main.o(i.DrawCross) refers to main.o(i.line) for line
    main.o(i.EINT3_IRQHandler) refers to tp_open1768.o(i.touchpanelGetXY) for touchpanelGetXY
    main.o(i.EINT3_IRQHandler) refers to main.o(.data) for touched
    main.o(i.UART_config) refers to pin_lpc17xx.o(i.PIN_Configure) for PIN_Configure
    main.o(i.boardSettings) refers to main.o(i.board_init) for board_init
    main.o(i.boardSettings) refers to main.o(i.printBoardLabels) for printBoardLabels
    main.o(i.boardSettings) refers to main.o(i.draw_board) for draw_board
    main.o(i.check_shoot) refers to main.o(i.waitForACK) for waitForACK
    main.o(i.check_shoot) refers to main.o(i.readInfo) for readInfo
    main.o(i.check_shoot) refers to main.o(i.drawField) for drawField
    main.o(i.check_shoot) refers to main.o(.data) for enemyShips
    main.o(i.clearInfoPanel) refers to main.o(i.fill_rect) for fill_rect
    main.o(i.drawField) refers to main.o(i.fill_rect) for fill_rect
    main.o(i.draw_board) refers to main.o(i.fill_rect) for fill_rect
    main.o(i.fill_pixel) refers to open1768_lcd.o(i.lcdWriteReg) for lcdWriteReg
    main.o(i.fill_rect) refers to open1768_lcd.o(i.lcdWriteReg) for lcdWriteReg
    main.o(i.fill_rect) refers to open1768_lcd.o(i.lcdWriteData) for lcdWriteData
    main.o(i.gameInit) refers to main.o(i.boardSettings) for boardSettings
    main.o(i.gameInit) refers to main.o(i.pickYourShips) for pickYourShips
    main.o(i.gameInit) refers to main.o(i.print_string) for print_string
    main.o(i.gameInit) refers to main.o(i.tp_wait4touch) for tp_wait4touch
    main.o(i.gameInit) refers to main.o(i.tp_wait4release) for tp_wait4release
    main.o(i.gameInit) refers to main.o(i.clearInfoPanel) for clearInfoPanel
    main.o(i.gameInit) refers to main.o(i.sendInfo) for sendInfo
    main.o(i.gameInit) refers to main.o(i.waitForACK) for waitForACK
    main.o(i.gameInit) refers to main.o(.data) for myShips
    main.o(i.getShipCoordinates) refers to main.o(i.clearInfoPanel) for clearInfoPanel
    main.o(i.getShipCoordinates) refers to main.o(i.print_string) for print_string
    main.o(i.getShipCoordinates) refers to main.o(i.print_letter) for print_letter
    main.o(i.getShipCoordinates) refers to main.o(i.getTouch) for getTouch
    main.o(i.getShipCoordinates) refers to main.o(i.correctFieldIndex) for correctFieldIndex
    main.o(i.getShipCoordinates) refers to main.o(i.drawField) for drawField
    main.o(i.getShipCoordinates) refers to main.o(i.setAvailableFileds) for setAvailableFileds
    main.o(i.getShipCoordinates) refers to main.o(i.tryToPlaceShip) for tryToPlaceShip
    main.o(i.getTouch) refers to main.o(i.tp_wait4touch) for tp_wait4touch
    main.o(i.getTouch) refers to main.o(i.recalculateCoords) for recalculateCoords
    main.o(i.getTouch) refers to main.o(i.tp_wait4release) for tp_wait4release
    main.o(i.getTouch) refers to main.o(.data) for curr_tpad
    main.o(i.getUserChoice) refers to main.o(i.fill_rect) for fill_rect
    main.o(i.getUserChoice) refers to main.o(i.print_string) for print_string
    main.o(i.getUserChoice) refers to main.o(i.getTouch) for getTouch
    main.o(i.getUserChoice) refers to main.o(i.isResetButtonTouched) for isResetButtonTouched
    main.o(i.getUserChoice) refers to main.o(i.reset) for reset
    main.o(i.initBackground) refers to main.o(i.fill_rect) for fill_rect
    main.o(i.initPeripherals) refers to open1768_lcd.o(i.lcdConfiguration) for lcdConfiguration
    main.o(i.initPeripherals) refers to lcd_ili9325.o(i.init_ILI9325) for init_ILI9325
    main.o(i.initPeripherals) refers to tp_open1768.o(i.touchpanelInit) for touchpanelInit
    main.o(i.initPeripherals) refers to main.o(i.initBackground) for initBackground
    main.o(i.initPeripherals) refers to main.o(i.UART_config) for UART_config
    main.o(i.isAreaAvailable) refers to main.o(i.isOutsideTheBoard) for isOutsideTheBoard
    main.o(i.line) refers to main.o(i.fill_pixel) for fill_pixel
    main.o(i.main) refers to main.o(i.initPeripherals) for initPeripherals
    main.o(i.main) refers to main.o(i.runTouchPanelCalibration) for runTouchPanelCalibration
    main.o(i.main) refers to main.o(i.gameInit) for gameInit
    main.o(i.main) refers to main.o(i.play) for play
    main.o(i.main) refers to main.o(i.getUserChoice) for getUserChoice
    main.o(i.main) refers to main.o(.bss) for game
    main.o(i.main) refers to main.o(.data) for game_over
    main.o(i.pickYourShips) refers to main.o(i.getShipCoordinates) for getShipCoordinates
    main.o(i.pickYourShips) refers to main.o(.data) for shipsMetaInfos
    main.o(i.placeShip) refers to main.o(i.drawField) for drawField
    main.o(i.play) refers to main.o(i.draw_board) for draw_board
    main.o(i.play) refers to main.o(i.print_string) for print_string
    main.o(i.play) refers to main.o(i.shoot) for shoot
    main.o(i.play) refers to main.o(i.clearInfoPanel) for clearInfoPanel
    main.o(i.play) refers to main.o(i.receiveShoot) for receiveShoot
    main.o(i.play) refers to main.o(.data) for whose_turn
    main.o(i.printBoardLabels) refers to main.o(i.print_letter) for print_letter
    main.o(i.printBoardLabels) refers to main.o(.data) for verticalLabels
    main.o(i.print_letter) refers to asciilib.o(i.GetASCIICode) for GetASCIICode
    main.o(i.print_letter) refers to main.o(i.fill_pixel) for fill_pixel
    main.o(i.print_string) refers to main.o(i.print_letter) for print_letter
    main.o(i.recalculateCoords) refers to main.o(.data) for curr_tpad
    main.o(i.recalculateCoords) refers to main.o(.bss) for matrix
    main.o(i.receiveShoot) refers to main.o(i.waitForACK) for waitForACK
    main.o(i.receiveShoot) refers to main.o(i.readInfo) for readInfo
    main.o(i.receiveShoot) refers to main.o(i.sendInfo) for sendInfo
    main.o(i.receiveShoot) refers to main.o(i.drawField) for drawField
    main.o(i.receiveShoot) refers to main.o(.data) for myShips
    main.o(i.reset) refers to main.o(.data) for whose_turn
    main.o(i.runTouchPanelCalibration) refers to main.o(i.DrawCross) for DrawCross
    main.o(i.runTouchPanelCalibration) refers to main.o(i.tp_wait4touch) for tp_wait4touch
    main.o(i.runTouchPanelCalibration) refers to main.o(i.tp_wait4release) for tp_wait4release
    main.o(i.runTouchPanelCalibration) refers to main.o(i.SetCalMatrix) for SetCalMatrix
    main.o(i.runTouchPanelCalibration) refers to main.o(.constdata) for CalPoints
    main.o(i.runTouchPanelCalibration) refers to main.o(.data) for curr_tpad
    main.o(i.runTouchPanelCalibration) refers to main.o(.bss) for matrix
    main.o(i.saveCurrentCoords) refers to main.o(.data) for curr_tpad
    main.o(i.setAvailableFileds) refers to main.o(i.isOutsideTheBoard) for isOutsideTheBoard
    main.o(i.setAvailableFileds) refers to main.o(i.drawField) for drawField
    main.o(i.shoot) refers to main.o(i.getTouch) for getTouch
    main.o(i.shoot) refers to main.o(i.correctFieldIndex) for correctFieldIndex
    main.o(i.shoot) refers to main.o(i.sendInfo) for sendInfo
    main.o(i.shoot) refers to main.o(i.check_shoot) for check_shoot
    main.o(i.tp_wait4release) refers to main.o(.data) for touched
    main.o(i.tp_wait4touch) refers to main.o(.data) for touched
    main.o(i.tryToPlaceShip) refers to main.o(i.isPositioningAndLengthCorrect) for isPositioningAndLengthCorrect
    main.o(i.tryToPlaceShip) refers to main.o(i.swap) for swap
    main.o(i.tryToPlaceShip) refers to main.o(i.isAreaAvailable) for isAreaAvailable
    main.o(i.tryToPlaceShip) refers to main.o(i.placeShip) for placeShip
    lcd_ili9325.o(i.init_ILI9325) refers to open1768_lcd.o(i.lcdWriteReg) for lcdWriteReg
    lcd_ili9325.o(i.init_ILI9325) refers to lcd_ili9325.o(i.delay_ms) for delay_ms
    asciilib.o(i.GetASCIICode) refers to rt_memcpy_v6.o(.text) for __aeabi_memcpy
    asciilib.o(i.GetASCIICode) refers to asciilib.o(.constdata) for AsciiLib
    tp_open1768.o(i.touchpanelGetXY) refers to tp_open1768.o(i.touchpanelReadX) for touchpanelReadX
    tp_open1768.o(i.touchpanelGetXY) refers to tp_open1768.o(i.touchpanelDelayUS) for touchpanelDelayUS
    tp_open1768.o(i.touchpanelGetXY) refers to tp_open1768.o(i.touchpanelReadY) for touchpanelReadY
    tp_open1768.o(i.touchpanelInit) refers to tp_open1768.o(i.touchpanelDriverDataBusInit) for touchpanelDriverDataBusInit
    tp_open1768.o(i.touchpanelReadAddress) refers to tp_open1768.o(i.touchpanelWriteCmd) for touchpanelWriteCmd
    tp_open1768.o(i.touchpanelReadAddress) refers to tp_open1768.o(i.touchpanelDelayUS) for touchpanelDelayUS
    tp_open1768.o(i.touchpanelReadX) refers to tp_open1768.o(i.touchpanelDelayUS) for touchpanelDelayUS
    tp_open1768.o(i.touchpanelReadX) refers to tp_open1768.o(i.touchpanelWriteCmd) for touchpanelWriteCmd
    tp_open1768.o(i.touchpanelReadX) refers to tp_open1768.o(i.touchpanelReadAddress) for touchpanelReadAddress
    tp_open1768.o(i.touchpanelReadY) refers to tp_open1768.o(i.touchpanelDelayUS) for touchpanelDelayUS
    tp_open1768.o(i.touchpanelReadY) refers to tp_open1768.o(i.touchpanelWriteCmd) for touchpanelWriteCmd
    tp_open1768.o(i.touchpanelReadY) refers to tp_open1768.o(i.touchpanelReadAddress) for touchpanelReadAddress
    open1768_lcd.o(i.lcdRead) refers to open1768_lcd.o(i.wait_delay) for wait_delay
    open1768_lcd.o(i.lcdReadData) refers to open1768_lcd.o(i.wait_delay) for wait_delay
    open1768_lcd.o(i.lcdReadData) refers to open1768_lcd.o(i.lcdRead) for lcdRead
    open1768_lcd.o(i.lcdReadReg) refers to open1768_lcd.o(i.lcdWriteIndex) for lcdWriteIndex
    open1768_lcd.o(i.lcdReadReg) refers to open1768_lcd.o(i.lcdReadData) for lcdReadData
    open1768_lcd.o(i.lcdSetCursor) refers to open1768_lcd.o(i.lcdWriteReg) for lcdWriteReg
    open1768_lcd.o(i.lcdWriteData) refers to open1768_lcd.o(i.lcdSend) for lcdSend
    open1768_lcd.o(i.lcdWriteData) refers to open1768_lcd.o(i.wait_delay) for wait_delay
    open1768_lcd.o(i.lcdWriteIndex) refers to open1768_lcd.o(i.lcdSend) for lcdSend
    open1768_lcd.o(i.lcdWriteIndex) refers to open1768_lcd.o(i.wait_delay) for wait_delay
    open1768_lcd.o(i.lcdWriteReg) refers to open1768_lcd.o(i.lcdWriteIndex) for lcdWriteIndex
    open1768_lcd.o(i.lcdWriteReg) refers to open1768_lcd.o(i.lcdWriteData) for lcdWriteData
    buttons_open1768.o(i.Buttons_GetState) refers to gpio_lpc17xx.o(i.GPIO_PinRead) for GPIO_PinRead
    buttons_open1768.o(i.Buttons_GetState) refers to buttons_open1768.o(.constdata) for BUTTON_PIN
    buttons_open1768.o(i.Buttons_Initialize) refers to gpio_lpc17xx.o(i.GPIO_PortClock) for GPIO_PortClock
    buttons_open1768.o(i.Buttons_Initialize) refers to pin_lpc17xx.o(i.PIN_Configure) for PIN_Configure
    buttons_open1768.o(i.Buttons_Initialize) refers to gpio_lpc17xx.o(i.GPIO_SetDir) for GPIO_SetDir
    buttons_open1768.o(i.Buttons_Initialize) refers to buttons_open1768.o(.constdata) for BUTTON_PIN
    buttons_open1768.o(i.Buttons_Uninitialize) refers to pin_lpc17xx.o(i.PIN_Configure) for PIN_Configure
    buttons_open1768.o(i.Buttons_Uninitialize) refers to buttons_open1768.o(.constdata) for BUTTON_PIN
    led_open1768.o(i.LED_Initialize) refers to gpio_lpc17xx.o(i.GPIO_PortClock) for GPIO_PortClock
    led_open1768.o(i.LED_Initialize) refers to pin_lpc17xx.o(i.PIN_Configure) for PIN_Configure
    led_open1768.o(i.LED_Initialize) refers to gpio_lpc17xx.o(i.GPIO_SetDir) for GPIO_SetDir
    led_open1768.o(i.LED_Initialize) refers to gpio_lpc17xx.o(i.GPIO_PinWrite) for GPIO_PinWrite
    led_open1768.o(i.LED_Initialize) refers to led_open1768.o(.constdata) for LED_PIN
    led_open1768.o(i.LED_Off) refers to gpio_lpc17xx.o(i.GPIO_PinWrite) for GPIO_PinWrite
    led_open1768.o(i.LED_Off) refers to led_open1768.o(.constdata) for LED_PIN
    led_open1768.o(i.LED_On) refers to gpio_lpc17xx.o(i.GPIO_PinWrite) for GPIO_PinWrite
    led_open1768.o(i.LED_On) refers to led_open1768.o(.constdata) for LED_PIN
    led_open1768.o(i.LED_SetOut) refers to led_open1768.o(i.LED_On) for LED_On
    led_open1768.o(i.LED_SetOut) refers to led_open1768.o(i.LED_Off) for LED_Off
    led_open1768.o(i.LED_Uninitialize) refers to pin_lpc17xx.o(i.PIN_Configure) for PIN_Configure
    led_open1768.o(i.LED_Uninitialize) refers to led_open1768.o(.constdata) for LED_PIN
    startup_lpc17xx.o(STACK) refers (Special) to heapauxi.o(.text) for __use_two_region_memory
    startup_lpc17xx.o(HEAP) refers (Special) to heapauxi.o(.text) for __use_two_region_memory
    startup_lpc17xx.o(RESET) refers (Special) to heapauxi.o(.text) for __use_two_region_memory
    startup_lpc17xx.o(RESET) refers to startup_lpc17xx.o(STACK) for __initial_sp
    startup_lpc17xx.o(RESET) refers to startup_lpc17xx.o(.text) for Reset_Handler
    startup_lpc17xx.o(RESET) refers to main.o(i.EINT3_IRQHandler) for EINT3_IRQHandler
    startup_lpc17xx.o(.ARM.__at_0x02FC) refers (Special) to heapauxi.o(.text) for __use_two_region_memory
    startup_lpc17xx.o(.text) refers (Special) to heapauxi.o(.text) for __use_two_region_memory
    startup_lpc17xx.o(.text) refers to system_lpc17xx.o(i.SystemInit) for SystemInit
    startup_lpc17xx.o(.text) refers to __main.o(!!!main) for __main
    startup_lpc17xx.o(.text) refers to startup_lpc17xx.o(HEAP) for Heap_Mem
    startup_lpc17xx.o(.text) refers to startup_lpc17xx.o(STACK) for Stack_Mem
    system_lpc17xx.o(i.SystemCoreClockUpdate) refers to lludivv7m.o(.text) for __aeabi_uldivmod
    system_lpc17xx.o(i.SystemCoreClockUpdate) refers to system_lpc17xx.o(.data) for SystemCoreClock
    rt_memcpy_v6.o(.text) refers to rt_memcpy_w.o(.text) for __aeabi_memcpy4
    __main.o(!!!main) refers to __rtentry.o(.ARM.Collect$$rtentry$$00000000) for __rt_entry
    __rtentry.o(.ARM.Collect$$rtentry$$00000000) refers (Special) to __rtentry2.o(.ARM.Collect$$rtentry$$0000000A) for __rt_entry_li
    __rtentry.o(.ARM.Collect$$rtentry$$00000000) refers (Special) to __rtentry2.o(.ARM.Collect$$rtentry$$0000000D) for __rt_entry_main
    __rtentry.o(.ARM.Collect$$rtentry$$00000000) refers (Special) to __rtentry2.o(.ARM.Collect$$rtentry$$0000000C) for __rt_entry_postli_1
    __rtentry.o(.ARM.Collect$$rtentry$$00000000) refers (Special) to __rtentry2.o(.ARM.Collect$$rtentry$$00000009) for __rt_entry_postsh_1
    __rtentry.o(.ARM.Collect$$rtentry$$00000000) refers (Special) to __rtentry2.o(.ARM.Collect$$rtentry$$00000002) for __rt_entry_presh_1
    __rtentry.o(.ARM.Collect$$rtentry$$00000000) refers (Special) to __rtentry4.o(.ARM.Collect$$rtentry$$00000004) for __rt_entry_sh
    aeabi_ldiv0_sigfpe.o(.text) refers to rt_div0.o(.text) for __rt_div0
    __rtentry2.o(.ARM.Collect$$rtentry$$00000008) refers to boardinit2.o(.text) for _platform_post_stackheap_init
    __rtentry2.o(.ARM.Collect$$rtentry$$0000000A) refers to libinit.o(.ARM.Collect$$libinit$$00000000) for __rt_lib_init
    __rtentry2.o(.ARM.Collect$$rtentry$$0000000B) refers to boardinit3.o(.text) for _platform_post_lib_init
    __rtentry2.o(.ARM.Collect$$rtentry$$0000000D) refers to main.o(i.main) for main
    __rtentry2.o(.ARM.Collect$$rtentry$$0000000D) refers to exit.o(.text) for exit
    __rtentry2.o(.ARM.exidx) refers to __rtentry2.o(.ARM.Collect$$rtentry$$00000001) for .ARM.Collect$$rtentry$$00000001
    __rtentry2.o(.ARM.exidx) refers to __rtentry2.o(.ARM.Collect$$rtentry$$00000008) for .ARM.Collect$$rtentry$$00000008
    __rtentry2.o(.ARM.exidx) refers to __rtentry2.o(.ARM.Collect$$rtentry$$0000000A) for .ARM.Collect$$rtentry$$0000000A
    __rtentry2.o(.ARM.exidx) refers to __rtentry2.o(.ARM.Collect$$rtentry$$0000000B) for .ARM.Collect$$rtentry$$0000000B
    __rtentry2.o(.ARM.exidx) refers to __rtentry2.o(.ARM.Collect$$rtentry$$0000000D) for .ARM.Collect$$rtentry$$0000000D
    __rtentry4.o(.ARM.Collect$$rtentry$$00000004) refers to sys_stackheap_outer.o(.text) for __user_setup_stackheap
    __rtentry4.o(.ARM.exidx) refers to __rtentry4.o(.ARM.Collect$$rtentry$$00000004) for .ARM.Collect$$rtentry$$00000004
    rt_div0.o(.text) refers to defsig_fpe_outer.o(.text) for __rt_SIGFPE
    sys_stackheap_outer.o(.text) refers to libspace.o(.text) for __user_perproc_libspace
    sys_stackheap_outer.o(.text) refers to startup_lpc17xx.o(.text) for __user_initial_stackheap
    exit.o(.text) refers to rtexit.o(.ARM.Collect$$rtexit$$00000000) for __rt_exit
    defsig_fpe_outer.o(.text) refers to defsig_fpe_inner.o(.text) for __rt_SIGFPE_inner
    defsig_fpe_outer.o(.text) refers to defsig_exit.o(.text) for __sig_exit
    defsig_fpe_formal.o(.text) refers to rt_raise.o(.text) for __rt_raise
    libinit.o(.ARM.Collect$$libinit$$00000000) refers (Special) to libinit2.o(.ARM.Collect$$libinit$$0000002E) for __rt_lib_init_alloca_1
    libinit.o(.ARM.Collect$$libinit$$00000000) refers (Special) to libinit2.o(.ARM.Collect$$libinit$$0000002C) for __rt_lib_init_argv_1
    libinit.o(.ARM.Collect$$libinit$$00000000) refers (Special) to libinit2.o(.ARM.Collect$$libinit$$0000001B) for __rt_lib_init_atexit_1
    libinit.o(.ARM.Collect$$libinit$$00000000) refers (Special) to libinit2.o(.ARM.Collect$$libinit$$00000021) for __rt_lib_init_clock_1
    libinit.o(.ARM.Collect$$libinit$$00000000) refers (Special) to libinit2.o(.ARM.Collect$$libinit$$00000032) for __rt_lib_init_cpp_1
    libinit.o(.ARM.Collect$$libinit$$00000000) refers (Special) to libinit2.o(.ARM.Collect$$libinit$$00000030) for __rt_lib_init_exceptions_1
    libinit.o(.ARM.Collect$$libinit$$00000000) refers (Special) to libinit2.o(.ARM.Collect$$libinit$$00000002) for __rt_lib_init_fp_1
    libinit.o(.ARM.Collect$$libinit$$00000000) refers (Special) to libinit2.o(.ARM.Collect$$libinit$$0000001F) for __rt_lib_init_fp_trap_1
    libinit.o(.ARM.Collect$$libinit$$00000000) refers (Special) to libinit2.o(.ARM.Collect$$libinit$$00000023) for __rt_lib_init_getenv_1
    libinit.o(.ARM.Collect$$libinit$$00000000) refers (Special) to libinit2.o(.ARM.Collect$$libinit$$0000000A) for __rt_lib_init_heap_1
    libinit.o(.ARM.Collect$$libinit$$00000000) refers (Special) to libinit2.o(.ARM.Collect$$libinit$$00000011) for __rt_lib_init_lc_collate_1
    libinit.o(.ARM.Collect$$libinit$$00000000) refers (Special) to libinit2.o(.ARM.Collect$$libinit$$00000013) for __rt_lib_init_lc_ctype_1
    libinit.o(.ARM.Collect$$libinit$$00000000) refers (Special) to libinit2.o(.ARM.Collect$$libinit$$00000015) for __rt_lib_init_lc_monetary_1
    libinit.o(.ARM.Collect$$libinit$$00000000) refers (Special) to libinit2.o(.ARM.Collect$$libinit$$00000017) for __rt_lib_init_lc_numeric_1
    libinit.o(.ARM.Collect$$libinit$$00000000) refers (Special) to libinit2.o(.ARM.Collect$$libinit$$00000019) for __rt_lib_init_lc_time_1
    libinit.o(.ARM.Collect$$libinit$$00000000) refers (Special) to libinit2.o(.ARM.Collect$$libinit$$00000004) for __rt_lib_init_preinit_1
    libinit.o(.ARM.Collect$$libinit$$00000000) refers (Special) to libinit2.o(.ARM.Collect$$libinit$$0000000E) for __rt_lib_init_rand_1
    libinit.o(.ARM.Collect$$libinit$$00000000) refers (Special) to libinit2.o(.ARM.Collect$$libinit$$00000033) for __rt_lib_init_return
    libinit.o(.ARM.Collect$$libinit$$00000000) refers (Special) to libinit2.o(.ARM.Collect$$libinit$$0000001D) for __rt_lib_init_signal_1
    libinit.o(.ARM.Collect$$libinit$$00000000) refers (Special) to libinit2.o(.ARM.Collect$$libinit$$00000025) for __rt_lib_init_stdio_1
    libinit.o(.ARM.Collect$$libinit$$00000000) refers (Special) to libinit2.o(.ARM.Collect$$libinit$$0000000C) for __rt_lib_init_user_alloc_1
    libspace.o(.text) refers to libspace.o(.bss) for __libspace_start
    rtexit.o(.ARM.Collect$$rtexit$$00000000) refers (Special) to rtexit2.o(.ARM.Collect$$rtexit$$00000004) for __rt_exit_exit
    rtexit.o(.ARM.Collect$$rtexit$$00000000) refers (Special) to rtexit2.o(.ARM.Collect$$rtexit$$00000003) for __rt_exit_ls
    rtexit.o(.ARM.Collect$$rtexit$$00000000) refers (Special) to rtexit2.o(.ARM.Collect$$rtexit$$00000002) for __rt_exit_prels_1
    rtexit.o(.ARM.exidx) refers (Special) to rtexit2.o(.ARM.Collect$$rtexit$$00000004) for __rt_exit_exit
    rtexit.o(.ARM.exidx) refers (Special) to rtexit2.o(.ARM.Collect$$rtexit$$00000003) for __rt_exit_ls
    rtexit.o(.ARM.exidx) refers (Special) to rtexit2.o(.ARM.Collect$$rtexit$$00000002) for __rt_exit_prels_1
    rtexit.o(.ARM.exidx) refers to rtexit.o(.ARM.Collect$$rtexit$$00000000) for .ARM.Collect$$rtexit$$00000000
    rt_raise.o(.text) refers to __raise.o(.text) for __raise
    rt_raise.o(.text) refers to sys_exit.o(.text) for _sys_exit
    defsig_exit.o(.text) refers to sys_exit.o(.text) for _sys_exit
    defsig_fpe_inner.o(.text) refers to defsig_general.o(.text) for __default_signal_display
    libinit2.o(.ARM.Collect$$libinit$$00000010) refers to libinit2.o(.ARM.Collect$$libinit$$0000000F) for .ARM.Collect$$libinit$$0000000F
    libinit2.o(.ARM.Collect$$libinit$$00000012) refers to libinit2.o(.ARM.Collect$$libinit$$0000000F) for .ARM.Collect$$libinit$$0000000F
    libinit2.o(.ARM.Collect$$libinit$$00000014) refers to libinit2.o(.ARM.Collect$$libinit$$0000000F) for .ARM.Collect$$libinit$$0000000F
    libinit2.o(.ARM.Collect$$libinit$$00000016) refers to libinit2.o(.ARM.Collect$$libinit$$0000000F) for .ARM.Collect$$libinit$$0000000F
    libinit2.o(.ARM.Collect$$libinit$$00000018) refers to libinit2.o(.ARM.Collect$$libinit$$0000000F) for .ARM.Collect$$libinit$$0000000F
    libinit2.o(.ARM.Collect$$libinit$$00000026) refers to argv_veneer.o(.emb_text) for __ARM_argv_veneer
    libinit2.o(.ARM.Collect$$libinit$$00000027) refers to argv_veneer.o(.emb_text) for __ARM_argv_veneer
    sys_exit.o(.text) refers (Special) to use_no_semi.o(.text) for __I$use$semihosting
    sys_exit.o(.text) refers (Special) to indicate_semi.o(.text) for __semihosting_library_function
    rtexit2.o(.ARM.Collect$$rtexit$$00000003) refers to libshutdown.o(.ARM.Collect$$libshutdown$$00000000) for __rt_lib_shutdown
    rtexit2.o(.ARM.Collect$$rtexit$$00000004) refers to sys_exit.o(.text) for _sys_exit
    rtexit2.o(.ARM.exidx) refers to rtexit2.o(.ARM.Collect$$rtexit$$00000001) for .ARM.Collect$$rtexit$$00000001
    rtexit2.o(.ARM.exidx) refers to rtexit2.o(.ARM.Collect$$rtexit$$00000003) for .ARM.Collect$$rtexit$$00000003
    rtexit2.o(.ARM.exidx) refers to rtexit2.o(.ARM.Collect$$rtexit$$00000004) for .ARM.Collect$$rtexit$$00000004
    __raise.o(.text) refers to defsig.o(CL$$defsig) for __default_signal_handler
    defsig_general.o(.text) refers to sys_wrch.o(.text) for _ttywrch
    argv_veneer.o(.emb_text) refers to no_argv.o(.text) for __ARM_get_argv
    sys_wrch.o(.text) refers (Special) to use_no_semi.o(.text) for __I$use$semihosting
    sys_wrch.o(.text) refers (Special) to indicate_semi.o(.text) for __semihosting_library_function
    defsig.o(CL$$defsig) refers to defsig_fpe_inner.o(.text) for __rt_SIGFPE_inner
    defsig.o(CL$$defsig) refers to defsig_rtmem_inner.o(.text) for __rt_SIGRTMEM_inner
    _get_argv_nomalloc.o(.text) refers (Special) to hrguard.o(.text) for __heap_region$guard
    _get_argv_nomalloc.o(.text) refers to defsig_rtmem_outer.o(.text) for __rt_SIGRTMEM
    _get_argv_nomalloc.o(.text) refers to sys_command.o(.text) for _sys_command_string
    libshutdown.o(.ARM.Collect$$libshutdown$$00000000) refers (Special) to libshutdown2.o(.ARM.Collect$$libshutdown$$00000002) for __rt_lib_shutdown_cpp_1
    libshutdown.o(.ARM.Collect$$libshutdown$$00000000) refers (Special) to libshutdown2.o(.ARM.Collect$$libshutdown$$00000007) for __rt_lib_shutdown_fp_trap_1
    libshutdown.o(.ARM.Collect$$libshutdown$$00000000) refers (Special) to libshutdown2.o(.ARM.Collect$$libshutdown$$0000000F) for __rt_lib_shutdown_heap_1
    libshutdown.o(.ARM.Collect$$libshutdown$$00000000) refers (Special) to libshutdown2.o(.ARM.Collect$$libshutdown$$00000010) for __rt_lib_shutdown_return
    libshutdown.o(.ARM.Collect$$libshutdown$$00000000) refers (Special) to libshutdown2.o(.ARM.Collect$$libshutdown$$0000000A) for __rt_lib_shutdown_signal_1
    libshutdown.o(.ARM.Collect$$libshutdown$$00000000) refers (Special) to libshutdown2.o(.ARM.Collect$$libshutdown$$00000004) for __rt_lib_shutdown_stdio_1
    libshutdown.o(.ARM.Collect$$libshutdown$$00000000) refers (Special) to libshutdown2.o(.ARM.Collect$$libshutdown$$0000000C) for __rt_lib_shutdown_user_alloc_1
    sys_command.o(.text) refers (Special) to use_no_semi.o(.text) for __I$use$semihosting
    sys_command.o(.text) refers (Special) to indicate_semi.o(.text) for __semihosting_library_function
    defsig_abrt_inner.o(.text) refers to defsig_general.o(.text) for __default_signal_display
    defsig_rtred_inner.o(.text) refers to defsig_general.o(.text) for __default_signal_display
    defsig_rtmem_inner.o(.text) refers to defsig_general.o(.text) for __default_signal_display
    defsig_rtmem_outer.o(.text) refers to defsig_rtmem_inner.o(.text) for __rt_SIGRTMEM_inner
    defsig_rtmem_outer.o(.text) refers to defsig_exit.o(.text) for __sig_exit
    defsig_rtmem_formal.o(.text) refers to rt_raise.o(.text) for __rt_raise
    defsig_stak_inner.o(.text) refers to defsig_general.o(.text) for __default_signal_display
    defsig_pvfn_inner.o(.text) refers to defsig_general.o(.text) for __default_signal_display
    defsig_cppl_inner.o(.text) refers to defsig_general.o(.text) for __default_signal_display
    defsig_segv_inner.o(.text) refers to defsig_general.o(.text) for __default_signal_display
    defsig_other.o(.text) refers to defsig_general.o(.text) for __default_signal_display


==============================================================================

Removing Unused input sections from the image.

    Removing main.o(.rev16_text), (4 bytes).
    Removing main.o(.revsh_text), (4 bytes).
    Removing main.o(.rrx_text), (6 bytes).
    Removing main.o(i.saveCurrentCoords), (20 bytes).
    Removing lcd_ili9325.o(.rev16_text), (4 bytes).
    Removing lcd_ili9325.o(.revsh_text), (4 bytes).
    Removing lcd_ili9325.o(.rrx_text), (6 bytes).
    Removing tp_open1768.o(.rev16_text), (4 bytes).
    Removing tp_open1768.o(.revsh_text), (4 bytes).
    Removing tp_open1768.o(.rrx_text), (6 bytes).
    Removing open1768_lcd.o(.rev16_text), (4 bytes).
    Removing open1768_lcd.o(.revsh_text), (4 bytes).
    Removing open1768_lcd.o(.rrx_text), (6 bytes).
    Removing open1768_lcd.o(i.lcdRead), (76 bytes).
    Removing open1768_lcd.o(i.lcdReadData), (56 bytes).
    Removing open1768_lcd.o(i.lcdReadReg), (20 bytes).
    Removing open1768_lcd.o(i.lcdSetCursor), (24 bytes).
    Removing buttons_open1768.o(.rev16_text), (4 bytes).
    Removing buttons_open1768.o(.revsh_text), (4 bytes).
    Removing buttons_open1768.o(.rrx_text), (6 bytes).
    Removing buttons_open1768.o(i.Buttons_GetCount), (4 bytes).
    Removing buttons_open1768.o(i.Buttons_GetState), (48 bytes).
    Removing buttons_open1768.o(i.Buttons_Initialize), (72 bytes).
    Removing buttons_open1768.o(i.Buttons_Uninitialize), (48 bytes).
    Removing buttons_open1768.o(.constdata), (4 bytes).
    Removing led_open1768.o(.rev16_text), (4 bytes).
    Removing led_open1768.o(.revsh_text), (4 bytes).
    Removing led_open1768.o(.rrx_text), (6 bytes).
    Removing led_open1768.o(i.LED_GetCount), (4 bytes).
    Removing led_open1768.o(i.LED_Initialize), (92 bytes).
    Removing led_open1768.o(i.LED_Off), (44 bytes).
    Removing led_open1768.o(i.LED_On), (44 bytes).
    Removing led_open1768.o(i.LED_SetOut), (40 bytes).
    Removing led_open1768.o(i.LED_Uninitialize), (48 bytes).
    Removing led_open1768.o(.constdata), (8 bytes).
    Removing gpio_lpc17xx.o(.rev16_text), (4 bytes).
    Removing gpio_lpc17xx.o(.revsh_text), (4 bytes).
    Removing gpio_lpc17xx.o(.rrx_text), (6 bytes).
    Removing gpio_lpc17xx.o(i.GPIO_PinRead), (32 bytes).
    Removing gpio_lpc17xx.o(i.GPIO_PinWrite), (40 bytes).
    Removing gpio_lpc17xx.o(i.GPIO_PortClock), (44 bytes).
    Removing gpio_lpc17xx.o(i.GPIO_PortRead), (20 bytes).
    Removing gpio_lpc17xx.o(i.GPIO_PortWrite), (32 bytes).
    Removing gpio_lpc17xx.o(i.GPIO_SetDir), (56 bytes).
    Removing pin_lpc17xx.o(.rev16_text), (4 bytes).
    Removing pin_lpc17xx.o(.revsh_text), (4 bytes).
    Removing pin_lpc17xx.o(.rrx_text), (6 bytes).
    Removing pin_lpc17xx.o(i.PIN_ConfigureI2C0Pins), (32 bytes).
    Removing pin_lpc17xx.o(i.PIN_ConfigureTPIU), (40 bytes).
    Removing system_lpc17xx.o(.rev16_text), (4 bytes).
    Removing system_lpc17xx.o(.revsh_text), (4 bytes).
    Removing system_lpc17xx.o(.rrx_text), (6 bytes).
    Removing system_lpc17xx.o(i.SystemCoreClockUpdate), (424 bytes).
    Removing system_lpc17xx.o(.data), (4 bytes).

54 unused section(s) (total 1502 bytes) removed from the image.

==============================================================================

Image Symbol Table

    Local Symbols

    Symbol Name                              Value     Ov Type        Size  Object(Section)

    RESET                                    0x00000000   Section      204  startup_lpc17xx.o(RESET)
    ../clib/angel/boardlib.s                 0x00000000   Number         0  boardinit2.o ABSOLUTE
    ../clib/angel/boardlib.s                 0x00000000   Number         0  boardinit1.o ABSOLUTE
    ../clib/angel/boardlib.s                 0x00000000   Number         0  boardshut.o ABSOLUTE
    ../clib/angel/boardlib.s                 0x00000000   Number         0  boardinit3.o ABSOLUTE
    ../clib/angel/handlers.s                 0x00000000   Number         0  __scatter_copy.o ABSOLUTE
    ../clib/angel/handlers.s                 0x00000000   Number         0  __scatter_zi.o ABSOLUTE
    ../clib/angel/kernel.s                   0x00000000   Number         0  __rtentry4.o ABSOLUTE
    ../clib/angel/kernel.s                   0x00000000   Number         0  rtexit.o ABSOLUTE
    ../clib/angel/kernel.s                   0x00000000   Number         0  __rtentry2.o ABSOLUTE
    ../clib/angel/kernel.s                   0x00000000   Number         0  rtexit2.o ABSOLUTE
    ../clib/angel/kernel.s                   0x00000000   Number         0  __rtentry.o ABSOLUTE
    ../clib/angel/rt.s                       0x00000000   Number         0  rt_raise.o ABSOLUTE
    ../clib/angel/rt.s                       0x00000000   Number         0  aeabi_ldiv0_sigfpe.o ABSOLUTE
    ../clib/angel/rt.s                       0x00000000   Number         0  aeabi_ldiv0.o ABSOLUTE
    ../clib/angel/rt.s                       0x00000000   Number         0  rt_div0.o ABSOLUTE
    ../clib/angel/scatter.s                  0x00000000   Number         0  __scatter.o ABSOLUTE
    ../clib/angel/startup.s                  0x00000000   Number         0  __main.o ABSOLUTE
    ../clib/angel/sys.s                      0x00000000   Number         0  libspace.o ABSOLUTE
    ../clib/angel/sys.s                      0x00000000   Number         0  use_no_semi.o ABSOLUTE
    ../clib/angel/sys.s                      0x00000000   Number         0  sys_stackheap_outer.o ABSOLUTE
    ../clib/angel/sys.s                      0x00000000   Number         0  indicate_semi.o ABSOLUTE
    ../clib/angel/sysapp.c                   0x00000000   Number         0  sys_command.o ABSOLUTE
    ../clib/angel/sysapp.c                   0x00000000   Number         0  sys_exit.o ABSOLUTE
    ../clib/angel/sysapp.c                   0x00000000   Number         0  sys_wrch.o ABSOLUTE
    ../clib/armsys.c                         0x00000000   Number         0  argv_veneer.o ABSOLUTE
    ../clib/armsys.c                         0x00000000   Number         0  _get_argv_nomalloc.o ABSOLUTE
    ../clib/armsys.c                         0x00000000   Number         0  no_argv.o ABSOLUTE
    ../clib/armsys.c                         0x00000000   Number         0  argv_veneer.o ABSOLUTE
    ../clib/heapalloc.c                      0x00000000   Number         0  hrguard.o ABSOLUTE
    ../clib/heapaux.c                        0x00000000   Number         0  heapauxi.o ABSOLUTE
    ../clib/libinit.s                        0x00000000   Number         0  libinit.o ABSOLUTE
    ../clib/libinit.s                        0x00000000   Number         0  libshutdown2.o ABSOLUTE
    ../clib/libinit.s                        0x00000000   Number         0  libinit2.o ABSOLUTE
    ../clib/libinit.s                        0x00000000   Number         0  libshutdown.o ABSOLUTE
    ../clib/longlong.s                       0x00000000   Number         0  lludivv7m.o ABSOLUTE
    ../clib/memcpset.s                       0x00000000   Number         0  rt_memcpy_v6.o ABSOLUTE
    ../clib/memcpset.s                       0x00000000   Number         0  rt_memcpy_w.o ABSOLUTE
    ../clib/signal.c                         0x00000000   Number         0  defsig_fpe_formal.o ABSOLUTE
    ../clib/signal.c                         0x00000000   Number         0  defsig_fpe_outer.o ABSOLUTE
    ../clib/signal.c                         0x00000000   Number         0  defsig_cppl_inner.o ABSOLUTE
    ../clib/signal.c                         0x00000000   Number         0  defsig_pvfn_inner.o ABSOLUTE
    ../clib/signal.c                         0x00000000   Number         0  defsig_stak_inner.o ABSOLUTE
    ../clib/signal.c                         0x00000000   Number         0  defsig_rtmem_formal.o ABSOLUTE
    ../clib/signal.c                         0x00000000   Number         0  defsig_rtmem_outer.o ABSOLUTE
    ../clib/signal.c                         0x00000000   Number         0  defsig_rtmem_inner.o ABSOLUTE
    ../clib/signal.c                         0x00000000   Number         0  defsig_rtred_inner.o ABSOLUTE
    ../clib/signal.c                         0x00000000   Number         0  defsig_abrt_inner.o ABSOLUTE
    ../clib/signal.c                         0x00000000   Number         0  defsig_segv_inner.o ABSOLUTE
    ../clib/signal.c                         0x00000000   Number         0  defsig_other.o ABSOLUTE
    ../clib/signal.c                         0x00000000   Number         0  defsig_general.o ABSOLUTE
    ../clib/signal.c                         0x00000000   Number         0  __raise.o ABSOLUTE
    ../clib/signal.c                         0x00000000   Number         0  defsig_fpe_inner.o ABSOLUTE
    ../clib/signal.c                         0x00000000   Number         0  defsig_exit.o ABSOLUTE
    ../clib/signal.s                         0x00000000   Number         0  defsig.o ABSOLUTE
    ../clib/stdlib.c                         0x00000000   Number         0  exit.o ABSOLUTE
    ../fplib/fpinit.s                        0x00000000   Number         0  fpinit.o ABSOLUTE
    C:\Keil_v5\ARM\PACK\Keil\LPC1700_DFP\2.6.1\Boards\Waveshare\Open1768\Common\Buttons_Open1768.c 0x00000000   Number         0  buttons_open1768.o ABSOLUTE
    C:\Keil_v5\ARM\PACK\Keil\LPC1700_DFP\2.6.1\Boards\Waveshare\Open1768\Common\LED_Open1768.c 0x00000000   Number         0  led_open1768.o ABSOLUTE
    C:\Keil_v5\ARM\PACK\Keil\LPC1700_DFP\2.6.1\RTE_Driver\GPIO_LPC17xx.c 0x00000000   Number         0  gpio_lpc17xx.o ABSOLUTE
    C:\Keil_v5\ARM\PACK\Keil\LPC1700_DFP\2.6.1\RTE_Driver\PIN_LPC17xx.c 0x00000000   Number         0  pin_lpc17xx.o ABSOLUTE
    C:\\Keil_v5\\ARM\\PACK\\Keil\\LPC1700_DFP\\2.6.1\\Boards\\Waveshare\\Open1768\\Common\\Buttons_Open1768.c 0x00000000   Number         0  buttons_open1768.o ABSOLUTE
    C:\\Keil_v5\\ARM\\PACK\\Keil\\LPC1700_DFP\\2.6.1\\Boards\\Waveshare\\Open1768\\Common\\LED_Open1768.c 0x00000000   Number         0  led_open1768.o ABSOLUTE
    C:\\Keil_v5\\ARM\\PACK\\Keil\\LPC1700_DFP\\2.6.1\\RTE_Driver\\GPIO_LPC17xx.c 0x00000000   Number         0  gpio_lpc17xx.o ABSOLUTE
    C:\\Keil_v5\\ARM\\PACK\\Keil\\LPC1700_DFP\\2.6.1\\RTE_Driver\\PIN_LPC17xx.c 0x00000000   Number         0  pin_lpc17xx.o ABSOLUTE
    LCD_ILI9325.c                            0x00000000   Number         0  lcd_ili9325.o ABSOLUTE
    LCD_ILI9325.c                            0x00000000   Number         0  lcd_ili9325.o ABSOLUTE
    Open1768_LCD.c                           0x00000000   Number         0  open1768_lcd.o ABSOLUTE
    Open1768_LCD.c                           0x00000000   Number         0  open1768_lcd.o ABSOLUTE
    RTE\Device\LPC1768\startup_LPC17xx.s     0x00000000   Number         0  startup_lpc17xx.o ABSOLUTE
    RTE\Device\LPC1768\system_LPC17xx.c      0x00000000   Number         0  system_lpc17xx.o ABSOLUTE
    RTE\\Device\\LPC1768\\system_LPC17xx.c   0x00000000   Number         0  system_lpc17xx.o ABSOLUTE
    TP_Open1768.c                            0x00000000   Number         0  tp_open1768.o ABSOLUTE
    TP_Open1768.c                            0x00000000   Number         0  tp_open1768.o ABSOLUTE
    asciiLib.c                               0x00000000   Number         0  asciilib.o ABSOLUTE
    dc.s                                     0x00000000   Number         0  dc.o ABSOLUTE
    main.c                                   0x00000000   Number         0  main.o ABSOLUTE
    main.c                                   0x00000000   Number         0  main.o ABSOLUTE
    !!!main                                  0x000000cc   Section        8  __main.o(!!!main)
    !!!scatter                               0x000000d4   Section       52  __scatter.o(!!!scatter)
    !!handler_copy                           0x00000108   Section       26  __scatter_copy.o(!!handler_copy)
    !!handler_zi                             0x00000124   Section       28  __scatter_zi.o(!!handler_zi)
    .ARM.Collect$$libinit$$00000000          0x00000140   Section        2  libinit.o(.ARM.Collect$$libinit$$00000000)
    .ARM.Collect$$libinit$$00000002          0x00000142   Section        0  libinit2.o(.ARM.Collect$$libinit$$00000002)
    .ARM.Collect$$libinit$$00000004          0x00000142   Section        0  libinit2.o(.ARM.Collect$$libinit$$00000004)
    .ARM.Collect$$libinit$$0000000A          0x00000142   Section        0  libinit2.o(.ARM.Collect$$libinit$$0000000A)
    .ARM.Collect$$libinit$$0000000C          0x00000142   Section        0  libinit2.o(.ARM.Collect$$libinit$$0000000C)
    .ARM.Collect$$libinit$$0000000E          0x00000142   Section        0  libinit2.o(.ARM.Collect$$libinit$$0000000E)
    .ARM.Collect$$libinit$$00000011          0x00000142   Section        0  libinit2.o(.ARM.Collect$$libinit$$00000011)
    .ARM.Collect$$libinit$$00000013          0x00000142   Section        0  libinit2.o(.ARM.Collect$$libinit$$00000013)
    .ARM.Collect$$libinit$$00000015          0x00000142   Section        0  libinit2.o(.ARM.Collect$$libinit$$00000015)
    .ARM.Collect$$libinit$$00000017          0x00000142   Section        0  libinit2.o(.ARM.Collect$$libinit$$00000017)
    .ARM.Collect$$libinit$$00000019          0x00000142   Section        0  libinit2.o(.ARM.Collect$$libinit$$00000019)
    .ARM.Collect$$libinit$$0000001B          0x00000142   Section        0  libinit2.o(.ARM.Collect$$libinit$$0000001B)
    .ARM.Collect$$libinit$$0000001D          0x00000142   Section        0  libinit2.o(.ARM.Collect$$libinit$$0000001D)
    .ARM.Collect$$libinit$$0000001F          0x00000142   Section        0  libinit2.o(.ARM.Collect$$libinit$$0000001F)
    .ARM.Collect$$libinit$$00000021          0x00000142   Section        0  libinit2.o(.ARM.Collect$$libinit$$00000021)
    .ARM.Collect$$libinit$$00000023          0x00000142   Section        0  libinit2.o(.ARM.Collect$$libinit$$00000023)
    .ARM.Collect$$libinit$$00000025          0x00000142   Section        0  libinit2.o(.ARM.Collect$$libinit$$00000025)
    .ARM.Collect$$libinit$$0000002C          0x00000142   Section        0  libinit2.o(.ARM.Collect$$libinit$$0000002C)
    .ARM.Collect$$libinit$$0000002E          0x00000142   Section        0  libinit2.o(.ARM.Collect$$libinit$$0000002E)
    .ARM.Collect$$libinit$$00000030          0x00000142   Section        0  libinit2.o(.ARM.Collect$$libinit$$00000030)
    .ARM.Collect$$libinit$$00000032          0x00000142   Section        0  libinit2.o(.ARM.Collect$$libinit$$00000032)
    .ARM.Collect$$libinit$$00000033          0x00000142   Section        2  libinit2.o(.ARM.Collect$$libinit$$00000033)
    .ARM.Collect$$libshutdown$$00000000      0x00000144   Section        2  libshutdown.o(.ARM.Collect$$libshutdown$$00000000)
    .ARM.Collect$$libshutdown$$00000002      0x00000146   Section        0  libshutdown2.o(.ARM.Collect$$libshutdown$$00000002)
    .ARM.Collect$$libshutdown$$00000004      0x00000146   Section        0  libshutdown2.o(.ARM.Collect$$libshutdown$$00000004)
    .ARM.Collect$$libshutdown$$00000007      0x00000146   Section        0  libshutdown2.o(.ARM.Collect$$libshutdown$$00000007)
    .ARM.Collect$$libshutdown$$0000000A      0x00000146   Section        0  libshutdown2.o(.ARM.Collect$$libshutdown$$0000000A)
    .ARM.Collect$$libshutdown$$0000000C      0x00000146   Section        0  libshutdown2.o(.ARM.Collect$$libshutdown$$0000000C)
    .ARM.Collect$$libshutdown$$0000000F      0x00000146   Section        0  libshutdown2.o(.ARM.Collect$$libshutdown$$0000000F)
    .ARM.Collect$$libshutdown$$00000010      0x00000146   Section        2  libshutdown2.o(.ARM.Collect$$libshutdown$$00000010)
    .ARM.Collect$$rtentry$$00000000          0x00000148   Section        0  __rtentry.o(.ARM.Collect$$rtentry$$00000000)
    .ARM.Collect$$rtentry$$00000002          0x00000148   Section        0  __rtentry2.o(.ARM.Collect$$rtentry$$00000002)
    .ARM.Collect$$rtentry$$00000004          0x00000148   Section        6  __rtentry4.o(.ARM.Collect$$rtentry$$00000004)
    .ARM.Collect$$rtentry$$00000009          0x0000014e   Section        0  __rtentry2.o(.ARM.Collect$$rtentry$$00000009)
    .ARM.Collect$$rtentry$$0000000A          0x0000014e   Section        4  __rtentry2.o(.ARM.Collect$$rtentry$$0000000A)
    .ARM.Collect$$rtentry$$0000000C          0x00000152   Section        0  __rtentry2.o(.ARM.Collect$$rtentry$$0000000C)
    .ARM.Collect$$rtentry$$0000000D          0x00000152   Section        8  __rtentry2.o(.ARM.Collect$$rtentry$$0000000D)
    .ARM.Collect$$rtexit$$00000000           0x0000015a   Section        2  rtexit.o(.ARM.Collect$$rtexit$$00000000)
    .ARM.Collect$$rtexit$$00000002           0x0000015c   Section        0  rtexit2.o(.ARM.Collect$$rtexit$$00000002)
    .ARM.Collect$$rtexit$$00000003           0x0000015c   Section        4  rtexit2.o(.ARM.Collect$$rtexit$$00000003)
    .ARM.Collect$$rtexit$$00000004           0x00000160   Section        6  rtexit2.o(.ARM.Collect$$rtexit$$00000004)
    .text                                    0x00000168   Section       60  startup_lpc17xx.o(.text)
    .text                                    0x000001a4   Section      138  rt_memcpy_v6.o(.text)
    .text                                    0x0000022e   Section        0  heapauxi.o(.text)
    .text                                    0x00000234   Section      100  rt_memcpy_w.o(.text)
    .text                                    0x00000298   Section       74  sys_stackheap_outer.o(.text)
    .text                                    0x000002e2   Section        0  exit.o(.text)
    .text                                    0x000002f4   Section        8  libspace.o(.text)
    .ARM.__at_0x02FC                         0x000002fc   Section        4  startup_lpc17xx.o(.ARM.__at_0x02FC)
    .text                                    0x00000300   Section        0  sys_exit.o(.text)
    .text                                    0x0000030c   Section        2  use_no_semi.o(.text)
    .text                                    0x0000030e   Section        0  indicate_semi.o(.text)
    i.DrawCross                              0x0000030e   Section        0  main.o(i.DrawCross)
    DrawCross                                0x0000030f   Thumb Code    88  main.o(i.DrawCross)
    i.EINT3_IRQHandler                       0x00000368   Section        0  main.o(i.EINT3_IRQHandler)
    i.GetASCIICode                           0x000003e8   Section        0  asciilib.o(i.GetASCIICode)
    i.PIN_Configure                          0x00000414   Section        0  pin_lpc17xx.o(i.PIN_Configure)
    i.SetCalMatrix                           0x00000510   Section        0  main.o(i.SetCalMatrix)
    i.SystemInit                             0x00000630   Section        0  system_lpc17xx.o(i.SystemInit)
    i.UART_config                            0x00000770   Section        0  main.o(i.UART_config)
    i.boardSettings                          0x000007b0   Section        0  main.o(i.boardSettings)
    i.board_init                             0x000007e4   Section        0  main.o(i.board_init)
    i.check_shoot                            0x00000858   Section        0  main.o(i.check_shoot)
    i.clearInfoPanel                         0x00000918   Section        0  main.o(i.clearInfoPanel)
    i.correctFieldIndex                      0x0000092c   Section        0  main.o(i.correctFieldIndex)
    i.delay_ms                               0x0000096e   Section        0  lcd_ili9325.o(i.delay_ms)
    i.drawField                              0x0000098c   Section        0  main.o(i.drawField)
    i.draw_board                             0x00000a32   Section        0  main.o(i.draw_board)
    i.fill_pixel                             0x00000b04   Section        0  main.o(i.fill_pixel)
    i.fill_rect                              0x00000b26   Section        0  main.o(i.fill_rect)
    i.gameInit                               0x00000b98   Section        0  main.o(i.gameInit)
    i.getShipCoordinates                     0x00000c64   Section        0  main.o(i.getShipCoordinates)
    i.getTouch                               0x00000e04   Section        0  main.o(i.getTouch)
    i.getUserChoice                          0x00000e28   Section        0  main.o(i.getUserChoice)
    i.initBackground                         0x00000e88   Section        0  main.o(i.initBackground)
    i.initPeripherals                        0x00000e9c   Section        0  main.o(i.initPeripherals)
    i.init_ILI9325                           0x00000edc   Section        0  lcd_ili9325.o(i.init_ILI9325)
    i.isAreaAvailable                        0x000010b0   Section        0  main.o(i.isAreaAvailable)
    i.isOutsideTheBoard                      0x0000110a   Section        0  main.o(i.isOutsideTheBoard)
    i.isPositioningAndLengthCorrect          0x00001124   Section        0  main.o(i.isPositioningAndLengthCorrect)
    i.isResetButtonTouched                   0x00001162   Section        0  main.o(i.isResetButtonTouched)
    i.lcdConfiguration                       0x00001180   Section        0  open1768_lcd.o(i.lcdConfiguration)
    i.lcdSend                                0x000011a8   Section        0  open1768_lcd.o(i.lcdSend)
    i.lcdWriteData                           0x000011d4   Section        0  open1768_lcd.o(i.lcdWriteData)
    i.lcdWriteIndex                          0x0000120c   Section        0  open1768_lcd.o(i.lcdWriteIndex)
    i.lcdWriteReg                            0x0000124c   Section        0  open1768_lcd.o(i.lcdWriteReg)
    i.line                                   0x00001260   Section        0  main.o(i.line)
    i.main                                   0x00001334   Section        0  main.o(i.main)
    i.pickYourShips                          0x00001374   Section        0  main.o(i.pickYourShips)
    i.placeShip                              0x000013b0   Section        0  main.o(i.placeShip)
    i.play                                   0x00001404   Section        0  main.o(i.play)
    i.printBoardLabels                       0x00001508   Section        0  main.o(i.printBoardLabels)
    i.print_letter                           0x00001578   Section        0  main.o(i.print_letter)
    i.print_string                           0x000015c2   Section        0  main.o(i.print_string)
    i.readInfo                               0x000015ec   Section        0  main.o(i.readInfo)
    i.recalculateCoords                      0x00001600   Section        0  main.o(i.recalculateCoords)
    i.receiveShoot                           0x00001658   Section        0  main.o(i.receiveShoot)
    i.reset                                  0x00001768   Section        0  main.o(i.reset)
    i.runTouchPanelCalibration               0x00001780   Section        0  main.o(i.runTouchPanelCalibration)
    i.sendInfo                               0x000017e0   Section        0  main.o(i.sendInfo)
    i.setAvailableFileds                     0x000017f8   Section        0  main.o(i.setAvailableFileds)
    i.shoot                                  0x0000194a   Section        0  main.o(i.shoot)
    i.swap                                   0x00001990   Section        0  main.o(i.swap)
    i.touchpanelDelayUS                      0x0000199a   Section        0  tp_open1768.o(i.touchpanelDelayUS)
    touchpanelDelayUS                        0x0000199b   Thumb Code    42  tp_open1768.o(i.touchpanelDelayUS)
    i.touchpanelDriverDataBusInit            0x000019c4   Section        0  tp_open1768.o(i.touchpanelDriverDataBusInit)
    touchpanelDriverDataBusInit              0x000019c5   Thumb Code   140  tp_open1768.o(i.touchpanelDriverDataBusInit)
    i.touchpanelGetXY                        0x00001a5c   Section        0  tp_open1768.o(i.touchpanelGetXY)
    i.touchpanelInit                         0x00001a80   Section        0  tp_open1768.o(i.touchpanelInit)
    i.touchpanelReadAddress                  0x00001aa8   Section        0  tp_open1768.o(i.touchpanelReadAddress)
    touchpanelReadAddress                    0x00001aa9   Thumb Code    44  tp_open1768.o(i.touchpanelReadAddress)
    i.touchpanelReadX                        0x00001ad4   Section        0  tp_open1768.o(i.touchpanelReadX)
    i.touchpanelReadY                        0x00001b04   Section        0  tp_open1768.o(i.touchpanelReadY)
    i.touchpanelWriteCmd                     0x00001b34   Section        0  tp_open1768.o(i.touchpanelWriteCmd)
    touchpanelWriteCmd                       0x00001b35   Thumb Code    56  tp_open1768.o(i.touchpanelWriteCmd)
    i.tp_wait4release                        0x00001b70   Section        0  main.o(i.tp_wait4release)
    i.tp_wait4touch                          0x00001b80   Section        0  main.o(i.tp_wait4touch)
    i.tryToPlaceShip                         0x00001b90   Section        0  main.o(i.tryToPlaceShip)
    i.waitForACK                             0x00001c18   Section        0  main.o(i.waitForACK)
    i.wait_delay                             0x00001c28   Section        0  open1768_lcd.o(i.wait_delay)
    .constdata                               0x00001c3c   Section       24  main.o(.constdata)
    CalPoints                                0x00001c3c   Data          24  main.o(.constdata)
    .constdata                               0x00001c54   Section     3040  asciilib.o(.constdata)
    AsciiLib                                 0x00001c54   Data        3040  asciilib.o(.constdata)
    STACK                                    0x10000000   Section    28672  startup_lpc17xx.o(STACK)
    Stack_Mem                                0x10000000   Data       28672  startup_lpc17xx.o(STACK)
    __initial_sp                             0x10007000   Data           0  startup_lpc17xx.o(STACK)
    .data                                    0x2007c000   Section       52  main.o(.data)
    .bss                                     0x2007c034   Section     2452  main.o(.bss)
    .bss                                     0x2007c9c8   Section       96  libspace.o(.bss)
    HEAP                                     0x2007ca28   Section        0  startup_lpc17xx.o(HEAP)
    Heap_Mem                                 0x2007ca28   Data           0  startup_lpc17xx.o(HEAP)

    Global Symbols

    Symbol Name                              Value     Ov Type        Size  Object(Section)

    BuildAttributes$$THM_ISAv4$P$D$K$B$S$PE$A:L22UL41UL21$X:L11$S22US41US21$IEEE1$IW$USESV6$~STKCKD$USESV7$~SHL$OSPACE$ROPI$EBA8$UX$STANDARDLIB$REQ8$PRES8$EABIv2 0x00000000   Number         0  anon$$obj.o ABSOLUTE
    __ARM_use_no_argv                        0x00000000   Number         0  main.o ABSOLUTE
    __Vectors                                0x00000000   Data           4  startup_lpc17xx.o(RESET)
    __ARM_exceptions_init                     - Undefined Weak Reference
    __alloca_initialize                       - Undefined Weak Reference
    __arm_preinit_                            - Undefined Weak Reference
    __cpp_initialize__aeabi_                  - Undefined Weak Reference
    __cxa_finalize                            - Undefined Weak Reference
    __rt_locale                               - Undefined Weak Reference
    __sigvec_lookup                           - Undefined Weak Reference
    _atexit_init                              - Undefined Weak Reference
    _call_atexit_fns                          - Undefined Weak Reference
    _clock_init                               - Undefined Weak Reference
    _fp_trap_init                             - Undefined Weak Reference
    _fp_trap_shutdown                         - Undefined Weak Reference
    _get_lc_collate                           - Undefined Weak Reference
    _get_lc_ctype                             - Undefined Weak Reference
    _get_lc_monetary                          - Undefined Weak Reference
    _get_lc_numeric                           - Undefined Weak Reference
    _get_lc_time                              - Undefined Weak Reference
    _getenv_init                              - Undefined Weak Reference
    _handle_redirection                       - Undefined Weak Reference
    _init_alloc                               - Undefined Weak Reference
    _init_user_alloc                          - Undefined Weak Reference
    _initio                                   - Undefined Weak Reference
    _rand_init                                - Undefined Weak Reference
    _signal_finish                            - Undefined Weak Reference
    _signal_init                              - Undefined Weak Reference
    _terminate_alloc                          - Undefined Weak Reference
    _terminate_user_alloc                     - Undefined Weak Reference
    _terminateio                              - Undefined Weak Reference
    __main                                   0x000000cd   Thumb Code     8  __main.o(!!!main)
    __scatterload                            0x000000d5   Thumb Code     0  __scatter.o(!!!scatter)
    __scatterload_rt2                        0x000000d5   Thumb Code    44  __scatter.o(!!!scatter)
    __scatterload_rt2_thumb_only             0x000000d5   Thumb Code     0  __scatter.o(!!!scatter)
    __scatterload_null                       0x000000e3   Thumb Code     0  __scatter.o(!!!scatter)
    __scatterload_copy                       0x00000109   Thumb Code    26  __scatter_copy.o(!!handler_copy)
    __scatterload_zeroinit                   0x00000125   Thumb Code    28  __scatter_zi.o(!!handler_zi)
    __rt_lib_init                            0x00000141   Thumb Code     0  libinit.o(.ARM.Collect$$libinit$$00000000)
    __rt_lib_init_alloca_1                   0x00000143   Thumb Code     0  libinit2.o(.ARM.Collect$$libinit$$0000002E)
    __rt_lib_init_argv_1                     0x00000143   Thumb Code     0  libinit2.o(.ARM.Collect$$libinit$$0000002C)
    __rt_lib_init_atexit_1                   0x00000143   Thumb Code     0  libinit2.o(.ARM.Collect$$libinit$$0000001B)
    __rt_lib_init_clock_1                    0x00000143   Thumb Code     0  libinit2.o(.ARM.Collect$$libinit$$00000021)
    __rt_lib_init_cpp_1                      0x00000143   Thumb Code     0  libinit2.o(.ARM.Collect$$libinit$$00000032)
    __rt_lib_init_exceptions_1               0x00000143   Thumb Code     0  libinit2.o(.ARM.Collect$$libinit$$00000030)
    __rt_lib_init_fp_1                       0x00000143   Thumb Code     0  libinit2.o(.ARM.Collect$$libinit$$00000002)
    __rt_lib_init_fp_trap_1                  0x00000143   Thumb Code     0  libinit2.o(.ARM.Collect$$libinit$$0000001F)
    __rt_lib_init_getenv_1                   0x00000143   Thumb Code     0  libinit2.o(.ARM.Collect$$libinit$$00000023)
    __rt_lib_init_heap_1                     0x00000143   Thumb Code     0  libinit2.o(.ARM.Collect$$libinit$$0000000A)
    __rt_lib_init_lc_collate_1               0x00000143   Thumb Code     0  libinit2.o(.ARM.Collect$$libinit$$00000011)
    __rt_lib_init_lc_ctype_1                 0x00000143   Thumb Code     0  libinit2.o(.ARM.Collect$$libinit$$00000013)
    __rt_lib_init_lc_monetary_1              0x00000143   Thumb Code     0  libinit2.o(.ARM.Collect$$libinit$$00000015)
    __rt_lib_init_lc_numeric_1               0x00000143   Thumb Code     0  libinit2.o(.ARM.Collect$$libinit$$00000017)
    __rt_lib_init_lc_time_1                  0x00000143   Thumb Code     0  libinit2.o(.ARM.Collect$$libinit$$00000019)
    __rt_lib_init_preinit_1                  0x00000143   Thumb Code     0  libinit2.o(.ARM.Collect$$libinit$$00000004)
    __rt_lib_init_rand_1                     0x00000143   Thumb Code     0  libinit2.o(.ARM.Collect$$libinit$$0000000E)
    __rt_lib_init_return                     0x00000143   Thumb Code     0  libinit2.o(.ARM.Collect$$libinit$$00000033)
    __rt_lib_init_signal_1                   0x00000143   Thumb Code     0  libinit2.o(.ARM.Collect$$libinit$$0000001D)
    __rt_lib_init_stdio_1                    0x00000143   Thumb Code     0  libinit2.o(.ARM.Collect$$libinit$$00000025)
    __rt_lib_init_user_alloc_1               0x00000143   Thumb Code     0  libinit2.o(.ARM.Collect$$libinit$$0000000C)
    __rt_lib_shutdown                        0x00000145   Thumb Code     0  libshutdown.o(.ARM.Collect$$libshutdown$$00000000)
    __rt_lib_shutdown_cpp_1                  0x00000147   Thumb Code     0  libshutdown2.o(.ARM.Collect$$libshutdown$$00000002)
    __rt_lib_shutdown_fp_trap_1              0x00000147   Thumb Code     0  libshutdown2.o(.ARM.Collect$$libshutdown$$00000007)
    __rt_lib_shutdown_heap_1                 0x00000147   Thumb Code     0  libshutdown2.o(.ARM.Collect$$libshutdown$$0000000F)
    __rt_lib_shutdown_return                 0x00000147   Thumb Code     0  libshutdown2.o(.ARM.Collect$$libshutdown$$00000010)
    __rt_lib_shutdown_signal_1               0x00000147   Thumb Code     0  libshutdown2.o(.ARM.Collect$$libshutdown$$0000000A)
    __rt_lib_shutdown_stdio_1                0x00000147   Thumb Code     0  libshutdown2.o(.ARM.Collect$$libshutdown$$00000004)
    __rt_lib_shutdown_user_alloc_1           0x00000147   Thumb Code     0  libshutdown2.o(.ARM.Collect$$libshutdown$$0000000C)
    __rt_entry                               0x00000149   Thumb Code     0  __rtentry.o(.ARM.Collect$$rtentry$$00000000)
    __rt_entry_presh_1                       0x00000149   Thumb Code     0  __rtentry2.o(.ARM.Collect$$rtentry$$00000002)
    __rt_entry_sh                            0x00000149   Thumb Code     0  __rtentry4.o(.ARM.Collect$$rtentry$$00000004)
    __rt_entry_li                            0x0000014f   Thumb Code     0  __rtentry2.o(.ARM.Collect$$rtentry$$0000000A)
    __rt_entry_postsh_1                      0x0000014f   Thumb Code     0  __rtentry2.o(.ARM.Collect$$rtentry$$00000009)
    __rt_entry_main                          0x00000153   Thumb Code     0  __rtentry2.o(.ARM.Collect$$rtentry$$0000000D)
    __rt_entry_postli_1                      0x00000153   Thumb Code     0  __rtentry2.o(.ARM.Collect$$rtentry$$0000000C)
    __rt_exit                                0x0000015b   Thumb Code     0  rtexit.o(.ARM.Collect$$rtexit$$00000000)
    __rt_exit_ls                             0x0000015d   Thumb Code     0  rtexit2.o(.ARM.Collect$$rtexit$$00000003)
    __rt_exit_prels_1                        0x0000015d   Thumb Code     0  rtexit2.o(.ARM.Collect$$rtexit$$00000002)
    __rt_exit_exit                           0x00000161   Thumb Code     0  rtexit2.o(.ARM.Collect$$rtexit$$00000004)
    Reset_Handler                            0x00000169   Thumb Code     8  startup_lpc17xx.o(.text)
    NMI_Handler                              0x00000171   Thumb Code     2  startup_lpc17xx.o(.text)
    HardFault_Handler                        0x00000173   Thumb Code     2  startup_lpc17xx.o(.text)
    MemManage_Handler                        0x00000175   Thumb Code     2  startup_lpc17xx.o(.text)
    BusFault_Handler                         0x00000177   Thumb Code     2  startup_lpc17xx.o(.text)
    UsageFault_Handler                       0x00000179   Thumb Code     2  startup_lpc17xx.o(.text)
    SVC_Handler                              0x0000017b   Thumb Code     2  startup_lpc17xx.o(.text)
    DebugMon_Handler                         0x0000017d   Thumb Code     2  startup_lpc17xx.o(.text)
    PendSV_Handler                           0x0000017f   Thumb Code     2  startup_lpc17xx.o(.text)
    SysTick_Handler                          0x00000181   Thumb Code     2  startup_lpc17xx.o(.text)
    ADC_IRQHandler                           0x00000183   Thumb Code     0  startup_lpc17xx.o(.text)
    BOD_IRQHandler                           0x00000183   Thumb Code     0  startup_lpc17xx.o(.text)
    CANActivity_IRQHandler                   0x00000183   Thumb Code     0  startup_lpc17xx.o(.text)
    CAN_IRQHandler                           0x00000183   Thumb Code     0  startup_lpc17xx.o(.text)
    DMA_IRQHandler                           0x00000183   Thumb Code     0  startup_lpc17xx.o(.text)
    EINT0_IRQHandler                         0x00000183   Thumb Code     0  startup_lpc17xx.o(.text)
    EINT1_IRQHandler                         0x00000183   Thumb Code     0  startup_lpc17xx.o(.text)
    EINT2_IRQHandler                         0x00000183   Thumb Code     0  startup_lpc17xx.o(.text)
    ENET_IRQHandler                          0x00000183   Thumb Code     0  startup_lpc17xx.o(.text)
    I2C0_IRQHandler                          0x00000183   Thumb Code     0  startup_lpc17xx.o(.text)
    I2C1_IRQHandler                          0x00000183   Thumb Code     0  startup_lpc17xx.o(.text)
    I2C2_IRQHandler                          0x00000183   Thumb Code     0  startup_lpc17xx.o(.text)
    I2S_IRQHandler                           0x00000183   Thumb Code     0  startup_lpc17xx.o(.text)
    MCPWM_IRQHandler                         0x00000183   Thumb Code     0  startup_lpc17xx.o(.text)
    PLL0_IRQHandler                          0x00000183   Thumb Code     0  startup_lpc17xx.o(.text)
    PLL1_IRQHandler                          0x00000183   Thumb Code     0  startup_lpc17xx.o(.text)
    PWM1_IRQHandler                          0x00000183   Thumb Code     0  startup_lpc17xx.o(.text)
    QEI_IRQHandler                           0x00000183   Thumb Code     0  startup_lpc17xx.o(.text)
    RIT_IRQHandler                           0x00000183   Thumb Code     0  startup_lpc17xx.o(.text)
    RTC_IRQHandler                           0x00000183   Thumb Code     0  startup_lpc17xx.o(.text)
    SPI_IRQHandler                           0x00000183   Thumb Code     0  startup_lpc17xx.o(.text)
    SSP0_IRQHandler                          0x00000183   Thumb Code     0  startup_lpc17xx.o(.text)
    SSP1_IRQHandler                          0x00000183   Thumb Code     0  startup_lpc17xx.o(.text)
    TIMER0_IRQHandler                        0x00000183   Thumb Code     0  startup_lpc17xx.o(.text)
    TIMER1_IRQHandler                        0x00000183   Thumb Code     0  startup_lpc17xx.o(.text)
    TIMER2_IRQHandler                        0x00000183   Thumb Code     0  startup_lpc17xx.o(.text)
    TIMER3_IRQHandler                        0x00000183   Thumb Code     0  startup_lpc17xx.o(.text)
    UART0_IRQHandler                         0x00000183   Thumb Code     0  startup_lpc17xx.o(.text)
    UART1_IRQHandler                         0x00000183   Thumb Code     0  startup_lpc17xx.o(.text)
    UART2_IRQHandler                         0x00000183   Thumb Code     0  startup_lpc17xx.o(.text)
    UART3_IRQHandler                         0x00000183   Thumb Code     0  startup_lpc17xx.o(.text)
    USBActivity_IRQHandler                   0x00000183   Thumb Code     0  startup_lpc17xx.o(.text)
    USB_IRQHandler                           0x00000183   Thumb Code     0  startup_lpc17xx.o(.text)
    WDT_IRQHandler                           0x00000183   Thumb Code     0  startup_lpc17xx.o(.text)
    __user_initial_stackheap                 0x00000185   Thumb Code     0  startup_lpc17xx.o(.text)
    __aeabi_memcpy                           0x000001a5   Thumb Code     0  rt_memcpy_v6.o(.text)
    __rt_memcpy                              0x000001a5   Thumb Code   138  rt_memcpy_v6.o(.text)
    _memcpy_lastbytes                        0x0000020b   Thumb Code     0  rt_memcpy_v6.o(.text)
    __use_two_region_memory                  0x0000022f   Thumb Code     2  heapauxi.o(.text)
    __rt_heap_escrow$2region                 0x00000231   Thumb Code     2  heapauxi.o(.text)
    __rt_heap_expand$2region                 0x00000233   Thumb Code     2  heapauxi.o(.text)
    __aeabi_memcpy4                          0x00000235   Thumb Code     0  rt_memcpy_w.o(.text)
    __aeabi_memcpy8                          0x00000235   Thumb Code     0  rt_memcpy_w.o(.text)
    __rt_memcpy_w                            0x00000235   Thumb Code   100  rt_memcpy_w.o(.text)
    _memcpy_lastbytes_aligned                0x0000027d   Thumb Code     0  rt_memcpy_w.o(.text)
    __user_setup_stackheap                   0x00000299   Thumb Code    74  sys_stackheap_outer.o(.text)
    exit                                     0x000002e3   Thumb Code    18  exit.o(.text)
    __user_libspace                          0x000002f5   Thumb Code     8  libspace.o(.text)
    __user_perproc_libspace                  0x000002f5   Thumb Code     0  libspace.o(.text)
    __user_perthread_libspace                0x000002f5   Thumb Code     0  libspace.o(.text)
    _sys_exit                                0x00000301   Thumb Code     8  sys_exit.o(.text)
    __I$use$semihosting                      0x0000030d   Thumb Code     0  use_no_semi.o(.text)
    __use_no_semihosting_swi                 0x0000030d   Thumb Code     2  use_no_semi.o(.text)
    __semihosting_library_function           0x0000030f   Thumb Code     0  indicate_semi.o(.text)
    EINT3_IRQHandler                         0x00000369   Thumb Code   114  main.o(i.EINT3_IRQHandler)
    GetASCIICode                             0x000003e9   Thumb Code    40  asciilib.o(i.GetASCIICode)
    PIN_Configure                            0x00000415   Thumb Code   246  pin_lpc17xx.o(i.PIN_Configure)
    SetCalMatrix                             0x00000511   Thumb Code   288  main.o(i.SetCalMatrix)
    SystemInit                               0x00000631   Thumb Code   302  system_lpc17xx.o(i.SystemInit)
    UART_config                              0x00000771   Thumb Code    60  main.o(i.UART_config)
    boardSettings                            0x000007b1   Thumb Code    52  main.o(i.boardSettings)
    board_init                               0x000007e5   Thumb Code   114  main.o(i.board_init)
    check_shoot                              0x00000859   Thumb Code   186  main.o(i.check_shoot)
    clearInfoPanel                           0x00000919   Thumb Code    20  main.o(i.clearInfoPanel)
    correctFieldIndex                        0x0000092d   Thumb Code    66  main.o(i.correctFieldIndex)
    delay_ms                                 0x0000096f   Thumb Code    30  lcd_ili9325.o(i.delay_ms)
    drawField                                0x0000098d   Thumb Code   166  main.o(i.drawField)
    draw_board                               0x00000a33   Thumb Code   210  main.o(i.draw_board)
    fill_pixel                               0x00000b05   Thumb Code    34  main.o(i.fill_pixel)
    fill_rect                                0x00000b27   Thumb Code   114  main.o(i.fill_rect)
    gameInit                                 0x00000b99   Thumb Code   130  main.o(i.gameInit)
    getShipCoordinates                       0x00000c65   Thumb Code   368  main.o(i.getShipCoordinates)
    getTouch                                 0x00000e05   Thumb Code    32  main.o(i.getTouch)
    getUserChoice                            0x00000e29   Thumb Code    84  main.o(i.getUserChoice)
    initBackground                           0x00000e89   Thumb Code    20  main.o(i.initBackground)
    initPeripherals                          0x00000e9d   Thumb Code    60  main.o(i.initPeripherals)
    init_ILI9325                             0x00000edd   Thumb Code   468  lcd_ili9325.o(i.init_ILI9325)
    isAreaAvailable                          0x000010b1   Thumb Code    90  main.o(i.isAreaAvailable)
    isOutsideTheBoard                        0x0000110b   Thumb Code    26  main.o(i.isOutsideTheBoard)
    isPositioningAndLengthCorrect            0x00001125   Thumb Code    62  main.o(i.isPositioningAndLengthCorrect)
    isResetButtonTouched                     0x00001163   Thumb Code    30  main.o(i.isResetButtonTouched)
    lcdConfiguration                         0x00001181   Thumb Code    36  open1768_lcd.o(i.lcdConfiguration)
    lcdSend                                  0x000011a9   Thumb Code    40  open1768_lcd.o(i.lcdSend)
    lcdWriteData                             0x000011d5   Thumb Code    50  open1768_lcd.o(i.lcdWriteData)
    lcdWriteIndex                            0x0000120d   Thumb Code    60  open1768_lcd.o(i.lcdWriteIndex)
    lcdWriteReg                              0x0000124d   Thumb Code    20  open1768_lcd.o(i.lcdWriteReg)
    line                                     0x00001261   Thumb Code   210  main.o(i.line)
    main                                     0x00001335   Thumb Code    56  main.o(i.main)
    pickYourShips                            0x00001375   Thumb Code    54  main.o(i.pickYourShips)
    placeShip                                0x000013b1   Thumb Code    84  main.o(i.placeShip)
    play                                     0x00001405   Thumb Code   182  main.o(i.play)
    printBoardLabels                         0x00001509   Thumb Code    96  main.o(i.printBoardLabels)
    print_letter                             0x00001579   Thumb Code    74  main.o(i.print_letter)
    print_string                             0x000015c3   Thumb Code    42  main.o(i.print_string)
    readInfo                                 0x000015ed   Thumb Code    16  main.o(i.readInfo)
    recalculateCoords                        0x00001601   Thumb Code    80  main.o(i.recalculateCoords)
    receiveShoot                             0x00001659   Thumb Code   268  main.o(i.receiveShoot)
    reset                                    0x00001769   Thumb Code    14  main.o(i.reset)
    runTouchPanelCalibration                 0x00001781   Thumb Code    84  main.o(i.runTouchPanelCalibration)
    sendInfo                                 0x000017e1   Thumb Code    20  main.o(i.sendInfo)
    setAvailableFileds                       0x000017f9   Thumb Code   338  main.o(i.setAvailableFileds)
    shoot                                    0x0000194b   Thumb Code    70  main.o(i.shoot)
    swap                                     0x00001991   Thumb Code    10  main.o(i.swap)
    touchpanelGetXY                          0x00001a5d   Thumb Code    34  tp_open1768.o(i.touchpanelGetXY)
    touchpanelInit                           0x00001a81   Thumb Code    34  tp_open1768.o(i.touchpanelInit)
    touchpanelReadX                          0x00001ad5   Thumb Code    42  tp_open1768.o(i.touchpanelReadX)
    touchpanelReadY                          0x00001b05   Thumb Code    42  tp_open1768.o(i.touchpanelReadY)
    tp_wait4release                          0x00001b71   Thumb Code    12  main.o(i.tp_wait4release)
    tp_wait4touch                            0x00001b81   Thumb Code    12  main.o(i.tp_wait4touch)
    tryToPlaceShip                           0x00001b91   Thumb Code   136  main.o(i.tryToPlaceShip)
    waitForACK                               0x00001c19   Thumb Code    12  main.o(i.waitForACK)
    wait_delay                               0x00001c29   Thumb Code    18  open1768_lcd.o(i.wait_delay)
    Region$$Table$$Base                      0x00002834   Number         0  anon$$obj.o(Region$$Table)
    Region$$Table$$Limit                     0x00002864   Number         0  anon$$obj.o(Region$$Table)
    horizonalLabels                          0x2007c000   Data          10  main.o(.data)
    verticalLabels                           0x2007c00a   Data          10  main.o(.data)
    letterTopPadding                         0x2007c014   Data           4  main.o(.data)
    letterLeftPadding                        0x2007c018   Data           4  main.o(.data)
    touched                                  0x2007c01c   Data           4  main.o(.data)
    curr_tpad                                0x2007c020   Data           8  main.o(.data)
    shipsMetaInfos                           0x2007c028   Data           8  main.o(.data)
    whose_turn                               0x2007c030   Data           1  main.o(.data)
    game_over                                0x2007c031   Data           1  main.o(.data)
    myShips                                  0x2007c032   Data           1  main.o(.data)
    enemyShips                               0x2007c033   Data           1  main.o(.data)
    matrix                                   0x2007c034   Data          28  main.o(.bss)
    game                                     0x2007c050   Data        2424  main.o(.bss)
    __libspace_start                         0x2007c9c8   Data          96  libspace.o(.bss)
    __temporary_stack_top$libspace           0x2007ca28   Data           0  libspace.o(.bss)



==============================================================================

Memory Map of the image

  Image Entry point : 0x000000cd

  Load Region LR_IROM1 (Base: 0x00000000, Size: 0x00002898, Max: 0x00080000, ABSOLUTE)

    Execution Region ER_IROM1 (Exec base: 0x00000000, Load base: 0x00000000, Size: 0x00002864, Max: 0x00080000, ABSOLUTE)

    Exec Addr    Load Addr    Size         Type   Attr      Idx    E Section Name        Object

    0x00000000   0x00000000   0x000000cc   Data   RO          785    RESET               startup_lpc17xx.o
    0x000000cc   0x000000cc   0x00000008   Code   RO          837  * !!!main             c_w.l(__main.o)
    0x000000d4   0x000000d4   0x00000034   Code   RO         1006    !!!scatter          c_w.l(__scatter.o)
    0x00000108   0x00000108   0x0000001a   Code   RO         1008    !!handler_copy      c_w.l(__scatter_copy.o)
    0x00000122   0x00000122   0x00000002   PAD
    0x00000124   0x00000124   0x0000001c   Code   RO         1010    !!handler_zi        c_w.l(__scatter_zi.o)
    0x00000140   0x00000140   0x00000002   Code   RO          876    .ARM.Collect$$libinit$$00000000  c_w.l(libinit.o)
    0x00000142   0x00000142   0x00000000   Code   RO          889    .ARM.Collect$$libinit$$00000002  c_w.l(libinit2.o)
    0x00000142   0x00000142   0x00000000   Code   RO          891    .ARM.Collect$$libinit$$00000004  c_w.l(libinit2.o)
    0x00000142   0x00000142   0x00000000   Code   RO          894    .ARM.Collect$$libinit$$0000000A  c_w.l(libinit2.o)
    0x00000142   0x00000142   0x00000000   Code   RO          896    .ARM.Collect$$libinit$$0000000C  c_w.l(libinit2.o)
    0x00000142   0x00000142   0x00000000   Code   RO          898    .ARM.Collect$$libinit$$0000000E  c_w.l(libinit2.o)
    0x00000142   0x00000142   0x00000000   Code   RO          901    .ARM.Collect$$libinit$$00000011  c_w.l(libinit2.o)
    0x00000142   0x00000142   0x00000000   Code   RO          903    .ARM.Collect$$libinit$$00000013  c_w.l(libinit2.o)
    0x00000142   0x00000142   0x00000000   Code   RO          905    .ARM.Collect$$libinit$$00000015  c_w.l(libinit2.o)
    0x00000142   0x00000142   0x00000000   Code   RO          907    .ARM.Collect$$libinit$$00000017  c_w.l(libinit2.o)
    0x00000142   0x00000142   0x00000000   Code   RO          909    .ARM.Collect$$libinit$$00000019  c_w.l(libinit2.o)
    0x00000142   0x00000142   0x00000000   Code   RO          911    .ARM.Collect$$libinit$$0000001B  c_w.l(libinit2.o)
    0x00000142   0x00000142   0x00000000   Code   RO          913    .ARM.Collect$$libinit$$0000001D  c_w.l(libinit2.o)
    0x00000142   0x00000142   0x00000000   Code   RO          915    .ARM.Collect$$libinit$$0000001F  c_w.l(libinit2.o)
    0x00000142   0x00000142   0x00000000   Code   RO          917    .ARM.Collect$$libinit$$00000021  c_w.l(libinit2.o)
    0x00000142   0x00000142   0x00000000   Code   RO          919    .ARM.Collect$$libinit$$00000023  c_w.l(libinit2.o)
    0x00000142   0x00000142   0x00000000   Code   RO          921    .ARM.Collect$$libinit$$00000025  c_w.l(libinit2.o)
    0x00000142   0x00000142   0x00000000   Code   RO          925    .ARM.Collect$$libinit$$0000002C  c_w.l(libinit2.o)
    0x00000142   0x00000142   0x00000000   Code   RO          927    .ARM.Collect$$libinit$$0000002E  c_w.l(libinit2.o)
    0x00000142   0x00000142   0x00000000   Code   RO          929    .ARM.Collect$$libinit$$00000030  c_w.l(libinit2.o)
    0x00000142   0x00000142   0x00000000   Code   RO          931    .ARM.Collect$$libinit$$00000032  c_w.l(libinit2.o)
    0x00000142   0x00000142   0x00000002   Code   RO          932    .ARM.Collect$$libinit$$00000033  c_w.l(libinit2.o)
    0x00000144   0x00000144   0x00000002   Code   RO          963    .ARM.Collect$$libshutdown$$00000000  c_w.l(libshutdown.o)
    0x00000146   0x00000146   0x00000000   Code   RO          989    .ARM.Collect$$libshutdown$$00000002  c_w.l(libshutdown2.o)
    0x00000146   0x00000146   0x00000000   Code   RO          991    .ARM.Collect$$libshutdown$$00000004  c_w.l(libshutdown2.o)
    0x00000146   0x00000146   0x00000000   Code   RO          994    .ARM.Collect$$libshutdown$$00000007  c_w.l(libshutdown2.o)
    0x00000146   0x00000146   0x00000000   Code   RO          997    .ARM.Collect$$libshutdown$$0000000A  c_w.l(libshutdown2.o)
    0x00000146   0x00000146   0x00000000   Code   RO          999    .ARM.Collect$$libshutdown$$0000000C  c_w.l(libshutdown2.o)
    0x00000146   0x00000146   0x00000000   Code   RO         1002    .ARM.Collect$$libshutdown$$0000000F  c_w.l(libshutdown2.o)
    0x00000146   0x00000146   0x00000002   Code   RO         1003    .ARM.Collect$$libshutdown$$00000010  c_w.l(libshutdown2.o)
    0x00000148   0x00000148   0x00000000   Code   RO          839    .ARM.Collect$$rtentry$$00000000  c_w.l(__rtentry.o)
    0x00000148   0x00000148   0x00000000   Code   RO          847    .ARM.Collect$$rtentry$$00000002  c_w.l(__rtentry2.o)
    0x00000148   0x00000148   0x00000006   Code   RO          859    .ARM.Collect$$rtentry$$00000004  c_w.l(__rtentry4.o)
    0x0000014e   0x0000014e   0x00000000   Code   RO          849    .ARM.Collect$$rtentry$$00000009  c_w.l(__rtentry2.o)
    0x0000014e   0x0000014e   0x00000004   Code   RO          850    .ARM.Collect$$rtentry$$0000000A  c_w.l(__rtentry2.o)
    0x00000152   0x00000152   0x00000000   Code   RO          852    .ARM.Collect$$rtentry$$0000000C  c_w.l(__rtentry2.o)
    0x00000152   0x00000152   0x00000008   Code   RO          853    .ARM.Collect$$rtentry$$0000000D  c_w.l(__rtentry2.o)
    0x0000015a   0x0000015a   0x00000002   Code   RO          880    .ARM.Collect$$rtexit$$00000000  c_w.l(rtexit.o)
    0x0000015c   0x0000015c   0x00000000   Code   RO          936    .ARM.Collect$$rtexit$$00000002  c_w.l(rtexit2.o)
    0x0000015c   0x0000015c   0x00000004   Code   RO          937    .ARM.Collect$$rtexit$$00000003  c_w.l(rtexit2.o)
    0x00000160   0x00000160   0x00000006   Code   RO          938    .ARM.Collect$$rtexit$$00000004  c_w.l(rtexit2.o)
    0x00000166   0x00000166   0x00000002   PAD
    0x00000168   0x00000168   0x0000003c   Code   RO          787    .text               startup_lpc17xx.o
    0x000001a4   0x000001a4   0x0000008a   Code   RO          833    .text               c_w.l(rt_memcpy_v6.o)
    0x0000022e   0x0000022e   0x00000006   Code   RO          835    .text               c_w.l(heapauxi.o)
    0x00000234   0x00000234   0x00000064   Code   RO          844    .text               c_w.l(rt_memcpy_w.o)
    0x00000298   0x00000298   0x0000004a   Code   RO          863    .text               c_w.l(sys_stackheap_outer.o)
    0x000002e2   0x000002e2   0x00000012   Code   RO          865    .text               c_w.l(exit.o)
    0x000002f4   0x000002f4   0x00000008   Code   RO          877    .text               c_w.l(libspace.o)
    0x000002fc   0x000002fc   0x00000004   Code   RO          786    .ARM.__at_0x02FC    startup_lpc17xx.o
    0x00000300   0x00000300   0x0000000c   Code   RO          933    .text               c_w.l(sys_exit.o)
    0x0000030c   0x0000030c   0x00000002   Code   RO          952    .text               c_w.l(use_no_semi.o)
    0x0000030e   0x0000030e   0x00000000   Code   RO          954    .text               c_w.l(indicate_semi.o)
    0x0000030e   0x0000030e   0x00000058   Code   RO            4    i.DrawCross         main.o
    0x00000366   0x00000366   0x00000002   PAD
    0x00000368   0x00000368   0x00000080   Code   RO            5    i.EINT3_IRQHandler  main.o
    0x000003e8   0x000003e8   0x0000002c   Code   RO          411    i.GetASCIICode      asciilib.o
    0x00000414   0x00000414   0x000000fc   Code   RO          750    i.PIN_Configure     pin_lpc17xx.o
    0x00000510   0x00000510   0x00000120   Code   RO            6    i.SetCalMatrix      main.o
    0x00000630   0x00000630   0x00000140   Code   RO          797    i.SystemInit        system_lpc17xx.o
    0x00000770   0x00000770   0x00000040   Code   RO            7    i.UART_config       main.o
    0x000007b0   0x000007b0   0x00000034   Code   RO            8    i.boardSettings     main.o
    0x000007e4   0x000007e4   0x00000072   Code   RO            9    i.board_init        main.o
    0x00000856   0x00000856   0x00000002   PAD
    0x00000858   0x00000858   0x000000c0   Code   RO           10    i.check_shoot       main.o
    0x00000918   0x00000918   0x00000014   Code   RO           11    i.clearInfoPanel    main.o
    0x0000092c   0x0000092c   0x00000042   Code   RO           12    i.correctFieldIndex  main.o
    0x0000096e   0x0000096e   0x0000001e   Code   RO          380    i.delay_ms          lcd_ili9325.o
    0x0000098c   0x0000098c   0x000000a6   Code   RO           13    i.drawField         main.o
    0x00000a32   0x00000a32   0x000000d2   Code   RO           14    i.draw_board        main.o
    0x00000b04   0x00000b04   0x00000022   Code   RO           15    i.fill_pixel        main.o
    0x00000b26   0x00000b26   0x00000072   Code   RO           16    i.fill_rect         main.o
    0x00000b98   0x00000b98   0x000000cc   Code   RO           17    i.gameInit          main.o
    0x00000c64   0x00000c64   0x000001a0   Code   RO           18    i.getShipCoordinates  main.o
    0x00000e04   0x00000e04   0x00000024   Code   RO           19    i.getTouch          main.o
    0x00000e28   0x00000e28   0x00000060   Code   RO           20    i.getUserChoice     main.o
    0x00000e88   0x00000e88   0x00000014   Code   RO           21    i.initBackground    main.o
    0x00000e9c   0x00000e9c   0x00000040   Code   RO           22    i.initPeripherals   main.o
    0x00000edc   0x00000edc   0x000001d4   Code   RO          381    i.init_ILI9325      lcd_ili9325.o
    0x000010b0   0x000010b0   0x0000005a   Code   RO           23    i.isAreaAvailable   main.o
    0x0000110a   0x0000110a   0x0000001a   Code   RO           24    i.isOutsideTheBoard  main.o
    0x00001124   0x00001124   0x0000003e   Code   RO           25    i.isPositioningAndLengthCorrect  main.o
    0x00001162   0x00001162   0x0000001e   Code   RO           26    i.isResetButtonTouched  main.o
    0x00001180   0x00001180   0x00000028   Code   RO          510    i.lcdConfiguration  open1768_lcd.o
    0x000011a8   0x000011a8   0x0000002c   Code   RO          514    i.lcdSend           open1768_lcd.o
    0x000011d4   0x000011d4   0x00000038   Code   RO          516    i.lcdWriteData      open1768_lcd.o
    0x0000120c   0x0000120c   0x00000040   Code   RO          517    i.lcdWriteIndex     open1768_lcd.o
    0x0000124c   0x0000124c   0x00000014   Code   RO          518    i.lcdWriteReg       open1768_lcd.o
    0x00001260   0x00001260   0x000000d2   Code   RO           27    i.line              main.o
    0x00001332   0x00001332   0x00000002   PAD
    0x00001334   0x00001334   0x00000040   Code   RO           28    i.main              main.o
    0x00001374   0x00001374   0x0000003c   Code   RO           29    i.pickYourShips     main.o
    0x000013b0   0x000013b0   0x00000054   Code   RO           30    i.placeShip         main.o
    0x00001404   0x00001404   0x00000104   Code   RO           31    i.play              main.o
    0x00001508   0x00001508   0x00000070   Code   RO           32    i.printBoardLabels  main.o
    0x00001578   0x00001578   0x0000004a   Code   RO           33    i.print_letter      main.o
    0x000015c2   0x000015c2   0x0000002a   Code   RO           34    i.print_string      main.o
    0x000015ec   0x000015ec   0x00000014   Code   RO           35    i.readInfo          main.o
    0x00001600   0x00001600   0x00000058   Code   RO           36    i.recalculateCoords  main.o
    0x00001658   0x00001658   0x00000110   Code   RO           37    i.receiveShoot      main.o
    0x00001768   0x00001768   0x00000018   Code   RO           38    i.reset             main.o
    0x00001780   0x00001780   0x00000060   Code   RO           39    i.runTouchPanelCalibration  main.o
    0x000017e0   0x000017e0   0x00000018   Code   RO           41    i.sendInfo          main.o
    0x000017f8   0x000017f8   0x00000152   Code   RO           42    i.setAvailableFileds  main.o
    0x0000194a   0x0000194a   0x00000046   Code   RO           43    i.shoot             main.o
    0x00001990   0x00001990   0x0000000a   Code   RO           44    i.swap              main.o
    0x0000199a   0x0000199a   0x0000002a   Code   RO          431    i.touchpanelDelayUS  tp_open1768.o
    0x000019c4   0x000019c4   0x00000098   Code   RO          432    i.touchpanelDriverDataBusInit  tp_open1768.o
    0x00001a5c   0x00001a5c   0x00000022   Code   RO          433    i.touchpanelGetXY   tp_open1768.o
    0x00001a7e   0x00001a7e   0x00000002   PAD
    0x00001a80   0x00001a80   0x00000028   Code   RO          434    i.touchpanelInit    tp_open1768.o
    0x00001aa8   0x00001aa8   0x0000002c   Code   RO          435    i.touchpanelReadAddress  tp_open1768.o
    0x00001ad4   0x00001ad4   0x00000030   Code   RO          436    i.touchpanelReadX   tp_open1768.o
    0x00001b04   0x00001b04   0x00000030   Code   RO          437    i.touchpanelReadY   tp_open1768.o
    0x00001b34   0x00001b34   0x0000003c   Code   RO          438    i.touchpanelWriteCmd  tp_open1768.o
    0x00001b70   0x00001b70   0x00000010   Code   RO           45    i.tp_wait4release   main.o
    0x00001b80   0x00001b80   0x00000010   Code   RO           46    i.tp_wait4touch     main.o
    0x00001b90   0x00001b90   0x00000088   Code   RO           47    i.tryToPlaceShip    main.o
    0x00001c18   0x00001c18   0x00000010   Code   RO           48    i.waitForACK        main.o
    0x00001c28   0x00001c28   0x00000012   Code   RO          576    i.wait_delay        open1768_lcd.o
    0x00001c3a   0x00001c3a   0x00000002   PAD
    0x00001c3c   0x00001c3c   0x00000018   Data   RO           50    .constdata          main.o
    0x00001c54   0x00001c54   0x00000be0   Data   RO          412    .constdata          asciilib.o
    0x00002834   0x00002834   0x00000030   Data   RO         1004    Region$$Table       anon$$obj.o


    Execution Region RW_IRAM1 (Exec base: 0x10000000, Load base: 0x00002864, Size: 0x00007000, Max: 0x00008000, ABSOLUTE)

    Exec Addr    Load Addr    Size         Type   Attr      Idx    E Section Name        Object

    0x10000000        -       0x00007000   Zero   RW          783    STACK               startup_lpc17xx.o


    Execution Region RW_IRAM2 (Exec base: 0x2007c000, Load base: 0x00002864, Size: 0x00000a28, Max: 0x00008000, ABSOLUTE)

    Exec Addr    Load Addr    Size         Type   Attr      Idx    E Section Name        Object

    0x2007c000   0x00002864   0x00000034   Data   RW           51    .data               main.o
    0x2007c034        -       0x00000994   Zero   RW           49    .bss                main.o
    0x2007c9c8        -       0x00000060   Zero   RW          878    .bss                c_w.l(libspace.o)
    0x2007ca28        -       0x00000000   Zero   RW          784    HEAP                startup_lpc17xx.o


==============================================================================

Image component sizes


      Code (inc. data)   RO Data    RW Data    ZI Data      Debug   Object Name

        44          4       3040          0          0       1119   asciilib.o
       498          0          0          0          0       1070   lcd_ili9325.o
      4612        344         24         52       2452      76275   main.o
       242         18          0          0          0       2999   open1768_lcd.o
       252          6          0          0          0        804   pin_lpc17xx.o
        64         26        204          0      28672        988   startup_lpc17xx.o
       320         18          0          0          0        569   system_lpc17xx.o
       468         34          0          0          0       4466   tp_open1768.o

    ----------------------------------------------------------------------
      6510        450       3316         52      31124      88290   Object Totals
         0          0         48          0          0          0   (incl. Generated)
        10          0          0          0          0          0   (incl. Padding)

    ----------------------------------------------------------------------

      Code (inc. data)   RO Data    RW Data    ZI Data      Debug   Library Member Name

         8          0          0          0          0         68   __main.o
         0          0          0          0          0          0   __rtentry.o
        12          0          0          0          0          0   __rtentry2.o
         6          0          0          0          0          0   __rtentry4.o
        52          8          0          0          0          0   __scatter.o
        26          0          0          0          0          0   __scatter_copy.o
        28          0          0          0          0          0   __scatter_zi.o
        18          0          0          0          0         80   exit.o
         6          0          0          0          0        152   heapauxi.o
         0          0          0          0          0          0   indicate_semi.o
         2          0          0          0          0          0   libinit.o
         2          0          0          0          0          0   libinit2.o
         2          0          0          0          0          0   libshutdown.o
         2          0          0          0          0          0   libshutdown2.o
         8          4          0          0         96         68   libspace.o
       138          0          0          0          0         68   rt_memcpy_v6.o
       100          0          0          0          0         80   rt_memcpy_w.o
         2          0          0          0          0          0   rtexit.o
        10          0          0          0          0          0   rtexit2.o
        12          4          0          0          0         68   sys_exit.o
        74          0          0          0          0         80   sys_stackheap_outer.o
         2          0          0          0          0         68   use_no_semi.o

    ----------------------------------------------------------------------
       514         16          0          0         96        732   Library Totals
         4          0          0          0          0          0   (incl. Padding)

    ----------------------------------------------------------------------

      Code (inc. data)   RO Data    RW Data    ZI Data      Debug   Library Name

       510         16          0          0         96        732   c_w.l

    ----------------------------------------------------------------------
       514         16          0          0         96        732   Library Totals

    ----------------------------------------------------------------------

==============================================================================


      Code (inc. data)   RO Data    RW Data    ZI Data      Debug   

      7024        466       3316         52      31220      85690   Grand Totals
      7024        466       3316         52      31220      85690   ELF Image Totals
      7024        466       3316         52          0          0   ROM Totals

==============================================================================

    Total RO  Size (Code + RO Data)                10340 (  10.10kB)
    Total RW  Size (RW Data + ZI Data)             31272 (  30.54kB)
    Total ROM Size (Code + RO Data + RW Data)      10392 (  10.15kB)

==============================================================================

